17:59:33.926 [main] WARN  c.b.config.BrowserStackConfig - TEST REPORTING AND ANALYTICS could not be enabled because framework detected is null. We currently support frameworks testng, cucumber-testng & serenity
17:59:34.182 [main] DEBUG com.browserstack.v2.SdkCliUtils - File /Users/sanjeevareddysj/.browserstack already exist
17:59:34.205 [main] DEBUG com.browserstack.v2.SdkCliUtils - Current CLI Path Found: /Users/sanjeevareddysj/.browserstack/cli/binary-macos-arm64
17:59:36.006 [main] ERROR com.browserstack.v2.SdkCliUtils - Error in setting up cli path directory, Exception: Unexpected token END OF FILE at position 0.
	at browserstack.shaded.org.json.simple.parser.JSONParser.parse(Unknown Source)
	at browserstack.shaded.org.json.simple.parser.JSONParser.parse(Unknown Source)
	at browserstack.shaded.org.json.simple.parser.JSONParser.parse(Unknown Source)
	at com.browserstack.v2.SdkCliUtils.checkAndUpdateCli(Unknown Source)
	at com.browserstack.v2.SdkCliUtils.setupCliPath(Unknown Source)
	at com.browserstack.v2.SdkCLI.<clinit>(Unknown Source)
	at com.browserstack.monitoring.PerformanceTester.measure(Unknown Source)
	at com.browserstack.monitoring.PerformanceTester.end(Unknown Source)
	at com.browserstack.testNgListeners.BrowserstackSuiteListener.a(Unknown Source)
	at com.browserstack.testNgListeners.BrowserstackSuiteListener.onStart(Unknown Source)
	at org.testng.SuiteRunner.invokeListeners(SuiteRunner.java:242)
	at org.testng.SuiteRunner.run(SuiteRunner.java:310)
	at org.testng.SuiteRunnerWorker.runSuite(SuiteRunnerWorker.java:52)
	at org.testng.SuiteRunnerWorker.run(SuiteRunnerWorker.java:95)
	at org.testng.TestNG.runSuitesSequentially(TestNG.java:1274)
	at org.testng.TestNG.runSuitesLocally(TestNG.java:1208)
	at org.testng.TestNG.runSuites(TestNG.java:1112)
	at org.testng.TestNG.run(TestNG.java:1079)
	at org.testng.TestNG.privateMain(TestNG.java:1430)
	at org.testng.TestNG.main(TestNG.java:1394)

17:59:36.057 [main] DEBUG c.browserstack.utils.CurrentTestMap - Searching for Test Run ID for Thread: 1
17:59:36.059 [main] DEBUG c.browserstack.utils.CurrentTestMap - Searching for Test Run ID for Thread: 1
17:59:36.268 [main] DEBUG c.b.utils.FunnelInstrumentation - Error in getting Product:
java.lang.NullPointerException: Cannot invoke "String.equalsIgnoreCase(String)" because the return value of "com.browserstack.config.BrowserStackConfig.getFramework()" is null
	at com.browserstack.utils.FunnelInstrumentation.a(Unknown Source)
	at java.base/java.util.stream.MatchOps$1MatchSink.accept(MatchOps.java:90)
	at java.base/java.util.Spliterators$ArraySpliterator.tryAdvance(Spliterators.java:1002)
	at java.base/java.util.stream.ReferencePipeline.forEachWithCancel(ReferencePipeline.java:129)
	at java.base/java.util.stream.AbstractPipeline.copyIntoWithCancel(AbstractPipeline.java:527)
	at java.base/java.util.stream.AbstractPipeline.copyInto(AbstractPipeline.java:513)
	at java.base/java.util.stream.AbstractPipeline.wrapAndCopyInto(AbstractPipeline.java:499)
	at java.base/java.util.stream.MatchOps$MatchOp.evaluateSequential(MatchOps.java:230)
	at java.base/java.util.stream.MatchOps$MatchOp.evaluateSequential(MatchOps.java:196)
	at java.base/java.util.stream.AbstractPipeline.evaluate(AbstractPipeline.java:234)
	at java.base/java.util.stream.ReferencePipeline.anyMatch(ReferencePipeline.java:632)
	at com.browserstack.utils.FunnelInstrumentation.getProducts(Unknown Source)
	at com.browserstack.utils.FunnelInstrumentation.createParamsForEvent(Unknown Source)
	at com.browserstack.utils.FunnelInstrumentation.sendSDKEvent(Unknown Source)
	at com.browserstack.testNgListeners.TmpSuiteListener.onFinish(Unknown Source)
	at org.testng.TestRunner.fireEvent(TestRunner.java:900)
	at org.testng.TestRunner.afterRun(TestRunner.java:855)
	at org.testng.TestRunner.run(TestRunner.java:618)
	at org.testng.SuiteRunner.runTest(SuiteRunner.java:421)
	at org.testng.SuiteRunner.runSequentially(SuiteRunner.java:413)
	at org.testng.SuiteRunner.privateRun(SuiteRunner.java:373)
	at org.testng.SuiteRunner.run(SuiteRunner.java:312)
	at org.testng.SuiteRunnerWorker.runSuite(SuiteRunnerWorker.java:52)
	at org.testng.SuiteRunnerWorker.run(SuiteRunnerWorker.java:95)
	at org.testng.TestNG.runSuitesSequentially(TestNG.java:1274)
	at org.testng.TestNG.runSuitesLocally(TestNG.java:1208)
	at org.testng.TestNG.runSuites(TestNG.java:1112)
	at org.testng.TestNG.run(TestNG.java:1079)
	at org.testng.TestNG.privateMain(TestNG.java:1430)
	at org.testng.TestNG.main(TestNG.java:1394)
17:59:36.272 [main] DEBUG c.b.utils.FrameworkDetectionUtils - Couldn't find dependency class: appium
17:59:36.279 [main] DEBUG com.browserstack.testOps.UsageStats - getFormattedData: Collecting data for TEST REPORTING AND ANALYTICS
17:59:36.287 [main] DEBUG c.b.utils.FunnelInstrumentation - Sending funnel data for SDKTestSuccessful with data: {"event_type":"SDKTestSuccessful","accessKey":"[REDACTED]","userName":"[REDACTED]","event_properties":{"isPercyAutoEnabled":false,"language":"java","sdkRunId":"753117fd-be2c-4120-89d1-0fb14f3e73a8","buildIdentifier":"unknown","testhub_uuid":"","detectedAppiumVersion":"null","productMap":{"app_automate":false,"accessibility":null,"automate":true,"percy":false,"observability":false,"turboscale":false},"hostname":"Sanjeeva-Reddy-2.local","measures":{"sdk:pre-test":0.007332980632781982},"productUsage":{"testObservability":{"buildHashedId":"","manuallySet":false,"enabled":false}},"browserStackConfig":{"browserstackLocal":null,"percy":false,"logLevel":"info","staticWebDriver":true,"autoDetectFramework":true,"percyCaptureMode":"AUTO","browserStackLocalOptions":null,"percyOptions":null,"testContextOptions":{"skipSessionStatus":false,"serenityOverridePlugin":false,"skipSessionName":false},"platforms":null,"parallelsPerPlatform":null,"framework":null,"accessibility":false,"accessibilityOptions":{},"turboScaleOptions":{},"disableAutoCaptureLogs":true,"testObservability":true,"browserstackAutomation":true,"turboScale":false,"testObservabilityOptions":{},"gradleMConfig":null,"proxySettings":null},"automationFrameworkVersion":null,"percyBuildId":null,"product":"[automate]","buildName":"unknown","os":"Mac OS X","languageVersion":"17.0.10","appiumVersion":"null","frameworkDetectionInstrumentation":{},"detectedDependencies":"","referrer":"unknown","locationTrigger":"onFinish","accessibilityConfiguration":{"pollingTimeout":30},"language_framework":"unknown","testOrchestration":{"abortBuildOnFailure":{"enabled":false},"retryTestsOnFailure":{"enabled":false},"userConfig":{}},"detectedSeleniumVersion":"4.34.0","automationFramework":"selenium","seleniumVersion":"null"}}
17:59:36.854 [main] DEBUG c.b.utils.FunnelInstrumentation - API Event SDKTestSuccessful, response: {"message":"Unauthorized"}
17:59:36.857 [main] DEBUG c.browserstack.utils.CurrentTestMap - Searching for Test Run ID for Thread: 1
17:59:36.858 [main] DEBUG c.browserstack.utils.CurrentTestMap - Searching for Test Run ID for Thread: 1
17:59:36.860 [main] DEBUG c.browserstack.utils.CurrentTestMap - Searching for Test Run ID for Thread: 1
17:59:36.862 [main] DEBUG c.browserstack.utils.CurrentTestMap - Searching for Test Run ID for Thread: 1
17:59:36.863 [main] DEBUG c.browserstack.utils.CurrentTestMap - Searching for Test Run ID for Thread: 1
17:59:36.916 [main] DEBUG c.browserstack.utils.CurrentTestMap - Searching for Test Run ID for Thread: 1
17:59:36.917 [main] DEBUG c.browserstack.utils.CurrentTestMap - Searching for Test Run ID for Thread: 1
17:59:36.917 [main] DEBUG c.browserstack.utils.CurrentTestMap - Searching for Test Run ID for Thread: 1
17:59:36.917 [main] DEBUG c.browserstack.utils.CurrentTestMap - Searching for Test Run ID for Thread: 1
17:59:36.917 [main] DEBUG c.browserstack.utils.CurrentTestMap - Searching for Test Run ID for Thread: 1
17:59:36.917 [main] DEBUG c.browserstack.utils.CurrentTestMap - Searching for Test Run ID for Thread: 1
17:59:36.918 [main] DEBUG c.browserstack.utils.CurrentTestMap - Searching for Test Run ID for Thread: 1
17:59:36.918 [main] DEBUG c.browserstack.utils.CurrentTestMap - Searching for Test Run ID for Thread: 1
17:59:36.918 [main] DEBUG c.browserstack.utils.CurrentTestMap - Searching for Test Run ID for Thread: 1
17:59:36.918 [main] DEBUG c.browserstack.utils.CurrentTestMap - Searching for Test Run ID for Thread: 1
17:59:36.919 [main] DEBUG c.browserstack.utils.CurrentTestMap - Searching for Test Run ID for Thread: 1
17:59:36.919 [main] DEBUG c.browserstack.utils.CurrentTestMap - Searching for Test Run ID for Thread: 1
17:59:36.919 [main] DEBUG c.browserstack.utils.CurrentTestMap - Searching for Test Run ID for Thread: 1
17:59:36.919 [main] DEBUG c.browserstack.utils.CurrentTestMap - Searching for Test Run ID for Thread: 1
17:59:36.919 [main] DEBUG c.browserstack.utils.CurrentTestMap - Searching for Test Run ID for Thread: 1
17:59:36.919 [main] DEBUG c.browserstack.utils.CurrentTestMap - Searching for Test Run ID for Thread: 1
17:59:36.919 [main] DEBUG c.browserstack.utils.CurrentTestMap - Searching for Test Run ID for Thread: 1
17:59:36.920 [main] DEBUG c.browserstack.utils.CurrentTestMap - Searching for Test Run ID for Thread: 1
17:59:36.920 [main] DEBUG c.browserstack.utils.CurrentTestMap - Searching for Test Run ID for Thread: 1
17:59:36.920 [main] DEBUG c.browserstack.utils.CurrentTestMap - Searching for Test Run ID for Thread: 1
17:59:36.920 [main] DEBUG c.browserstack.utils.CurrentTestMap - Searching for Test Run ID for Thread: 1
17:59:36.920 [main] DEBUG c.browserstack.utils.CurrentTestMap - Searching for Test Run ID for Thread: 1
17:59:36.921 [main] DEBUG c.browserstack.utils.CurrentTestMap - Searching for Test Run ID for Thread: 1
17:59:36.921 [main] DEBUG c.browserstack.utils.CurrentTestMap - Searching for Test Run ID for Thread: 1
17:59:36.921 [main] DEBUG c.browserstack.utils.CurrentTestMap - Searching for Test Run ID for Thread: 1
18:01:52.057 [Test worker] WARN  c.b.config.BrowserStackConfig - TEST REPORTING AND ANALYTICS could not be enabled because framework detected is null. We currently support frameworks testng, cucumber-testng & serenity
18:02:43.560 [main] WARN  c.b.config.BrowserStackConfig - TEST REPORTING AND ANALYTICS could not be enabled because framework detected is null. We currently support frameworks testng, cucumber-testng & serenity
18:02:43.735 [main] DEBUG com.browserstack.v2.SdkCliUtils - File /Users/sanjeevareddysj/.browserstack already exist
18:02:43.737 [main] DEBUG com.browserstack.v2.SdkCliUtils - Current CLI Path Found: /Users/sanjeevareddysj/.browserstack/cli/binary-macos-arm64
18:02:44.532 [main] ERROR com.browserstack.v2.SdkCliUtils - Error in setting up cli path directory, Exception: Unexpected token END OF FILE at position 0.
	at browserstack.shaded.org.json.simple.parser.JSONParser.parse(Unknown Source)
	at browserstack.shaded.org.json.simple.parser.JSONParser.parse(Unknown Source)
	at browserstack.shaded.org.json.simple.parser.JSONParser.parse(Unknown Source)
	at com.browserstack.v2.SdkCliUtils.checkAndUpdateCli(Unknown Source)
	at com.browserstack.v2.SdkCliUtils.setupCliPath(Unknown Source)
	at com.browserstack.v2.SdkCLI.<clinit>(Unknown Source)
	at com.browserstack.monitoring.PerformanceTester.measure(Unknown Source)
	at com.browserstack.monitoring.PerformanceTester.end(Unknown Source)
	at com.browserstack.testNgListeners.BrowserstackSuiteListener.a(Unknown Source)
	at com.browserstack.testNgListeners.BrowserstackSuiteListener.onStart(Unknown Source)
	at org.testng.SuiteRunner.invokeListeners(SuiteRunner.java:242)
	at org.testng.SuiteRunner.run(SuiteRunner.java:310)
	at org.testng.SuiteRunnerWorker.runSuite(SuiteRunnerWorker.java:52)
	at org.testng.SuiteRunnerWorker.run(SuiteRunnerWorker.java:95)
	at org.testng.TestNG.runSuitesSequentially(TestNG.java:1274)
	at org.testng.TestNG.runSuitesLocally(TestNG.java:1208)
	at org.testng.TestNG.runSuites(TestNG.java:1112)
	at org.testng.TestNG.run(TestNG.java:1079)
	at org.testng.TestNG.privateMain(TestNG.java:1430)
	at org.testng.TestNG.main(TestNG.java:1394)

18:02:44.585 [main] DEBUG c.browserstack.utils.CurrentTestMap - Searching for Test Run ID for Thread: 1
18:02:44.586 [main] DEBUG c.browserstack.utils.CurrentTestMap - Searching for Test Run ID for Thread: 1
18:02:44.764 [main] DEBUG c.b.utils.FunnelInstrumentation - Error in getting Product:
java.lang.NullPointerException: Cannot invoke "String.equalsIgnoreCase(String)" because the return value of "com.browserstack.config.BrowserStackConfig.getFramework()" is null
	at com.browserstack.utils.FunnelInstrumentation.a(Unknown Source)
	at java.base/java.util.stream.MatchOps$1MatchSink.accept(MatchOps.java:90)
	at java.base/java.util.Spliterators$ArraySpliterator.tryAdvance(Spliterators.java:1002)
	at java.base/java.util.stream.ReferencePipeline.forEachWithCancel(ReferencePipeline.java:129)
	at java.base/java.util.stream.AbstractPipeline.copyIntoWithCancel(AbstractPipeline.java:527)
	at java.base/java.util.stream.AbstractPipeline.copyInto(AbstractPipeline.java:513)
	at java.base/java.util.stream.AbstractPipeline.wrapAndCopyInto(AbstractPipeline.java:499)
	at java.base/java.util.stream.MatchOps$MatchOp.evaluateSequential(MatchOps.java:230)
	at java.base/java.util.stream.MatchOps$MatchOp.evaluateSequential(MatchOps.java:196)
	at java.base/java.util.stream.AbstractPipeline.evaluate(AbstractPipeline.java:234)
	at java.base/java.util.stream.ReferencePipeline.anyMatch(ReferencePipeline.java:632)
	at com.browserstack.utils.FunnelInstrumentation.getProducts(Unknown Source)
	at com.browserstack.utils.FunnelInstrumentation.createParamsForEvent(Unknown Source)
	at com.browserstack.utils.FunnelInstrumentation.sendSDKEvent(Unknown Source)
	at com.browserstack.testNgListeners.TmpSuiteListener.onFinish(Unknown Source)
	at org.testng.TestRunner.fireEvent(TestRunner.java:900)
	at org.testng.TestRunner.afterRun(TestRunner.java:855)
	at org.testng.TestRunner.run(TestRunner.java:618)
	at org.testng.SuiteRunner.runTest(SuiteRunner.java:421)
	at org.testng.SuiteRunner.runSequentially(SuiteRunner.java:413)
	at org.testng.SuiteRunner.privateRun(SuiteRunner.java:373)
	at org.testng.SuiteRunner.run(SuiteRunner.java:312)
	at org.testng.SuiteRunnerWorker.runSuite(SuiteRunnerWorker.java:52)
	at org.testng.SuiteRunnerWorker.run(SuiteRunnerWorker.java:95)
	at org.testng.TestNG.runSuitesSequentially(TestNG.java:1274)
	at org.testng.TestNG.runSuitesLocally(TestNG.java:1208)
	at org.testng.TestNG.runSuites(TestNG.java:1112)
	at org.testng.TestNG.run(TestNG.java:1079)
	at org.testng.TestNG.privateMain(TestNG.java:1430)
	at org.testng.TestNG.main(TestNG.java:1394)
18:02:44.766 [main] DEBUG c.b.utils.FrameworkDetectionUtils - Couldn't find dependency class: appium
18:02:44.773 [main] DEBUG com.browserstack.testOps.UsageStats - getFormattedData: Collecting data for TEST REPORTING AND ANALYTICS
18:02:44.782 [main] DEBUG c.b.utils.FunnelInstrumentation - Sending funnel data for SDKTestSuccessful with data: {"event_type":"SDKTestSuccessful","accessKey":"[REDACTED]","userName":"[REDACTED]","event_properties":{"isPercyAutoEnabled":false,"language":"java","sdkRunId":"664109f9-1f8e-400d-afde-9abf9a63e6c4","buildIdentifier":"unknown","testhub_uuid":"","detectedAppiumVersion":"null","productMap":{"app_automate":false,"accessibility":null,"automate":true,"percy":false,"observability":false,"turboscale":false},"hostname":"Sanjeeva-Reddy-2.local","measures":{"sdk:pre-test":0.0059580206871032715},"productUsage":{"testObservability":{"buildHashedId":"","manuallySet":false,"enabled":false}},"browserStackConfig":{"browserstackLocal":null,"percy":false,"logLevel":"info","staticWebDriver":true,"autoDetectFramework":true,"percyCaptureMode":"AUTO","browserStackLocalOptions":null,"percyOptions":null,"testContextOptions":{"skipSessionStatus":false,"serenityOverridePlugin":false,"skipSessionName":false},"platforms":null,"parallelsPerPlatform":null,"framework":null,"accessibility":false,"accessibilityOptions":{},"turboScaleOptions":{},"disableAutoCaptureLogs":true,"testObservability":true,"browserstackAutomation":true,"turboScale":false,"testObservabilityOptions":{},"gradleMConfig":null,"proxySettings":null},"automationFrameworkVersion":null,"percyBuildId":null,"product":"[automate]","buildName":"unknown","os":"Mac OS X","languageVersion":"17.0.10","appiumVersion":"null","frameworkDetectionInstrumentation":{},"detectedDependencies":"","referrer":"unknown","locationTrigger":"onFinish","accessibilityConfiguration":{"pollingTimeout":30},"language_framework":"unknown","testOrchestration":{"abortBuildOnFailure":{"enabled":false},"retryTestsOnFailure":{"enabled":false},"userConfig":{}},"detectedSeleniumVersion":"4.34.0","automationFramework":"selenium","seleniumVersion":"null"}}
18:02:45.144 [main] DEBUG c.b.utils.FunnelInstrumentation - API Event SDKTestSuccessful, response: {"message":"Unauthorized"}
18:02:45.147 [main] DEBUG c.browserstack.utils.CurrentTestMap - Searching for Test Run ID for Thread: 1
18:02:45.148 [main] DEBUG c.browserstack.utils.CurrentTestMap - Searching for Test Run ID for Thread: 1
18:02:45.150 [main] DEBUG c.browserstack.utils.CurrentTestMap - Searching for Test Run ID for Thread: 1
18:02:45.151 [main] DEBUG c.browserstack.utils.CurrentTestMap - Searching for Test Run ID for Thread: 1
18:02:45.152 [main] DEBUG c.browserstack.utils.CurrentTestMap - Searching for Test Run ID for Thread: 1
18:02:45.188 [main] DEBUG c.browserstack.utils.CurrentTestMap - Searching for Test Run ID for Thread: 1
18:02:45.188 [main] DEBUG c.browserstack.utils.CurrentTestMap - Searching for Test Run ID for Thread: 1
18:02:45.188 [main] DEBUG c.browserstack.utils.CurrentTestMap - Searching for Test Run ID for Thread: 1
18:02:45.188 [main] DEBUG c.browserstack.utils.CurrentTestMap - Searching for Test Run ID for Thread: 1
18:02:45.189 [main] DEBUG c.browserstack.utils.CurrentTestMap - Searching for Test Run ID for Thread: 1
18:02:45.189 [main] DEBUG c.browserstack.utils.CurrentTestMap - Searching for Test Run ID for Thread: 1
18:02:45.189 [main] DEBUG c.browserstack.utils.CurrentTestMap - Searching for Test Run ID for Thread: 1
18:02:45.189 [main] DEBUG c.browserstack.utils.CurrentTestMap - Searching for Test Run ID for Thread: 1
18:02:45.189 [main] DEBUG c.browserstack.utils.CurrentTestMap - Searching for Test Run ID for Thread: 1
18:02:45.189 [main] DEBUG c.browserstack.utils.CurrentTestMap - Searching for Test Run ID for Thread: 1
18:02:45.189 [main] DEBUG c.browserstack.utils.CurrentTestMap - Searching for Test Run ID for Thread: 1
18:02:45.189 [main] DEBUG c.browserstack.utils.CurrentTestMap - Searching for Test Run ID for Thread: 1
18:02:45.190 [main] DEBUG c.browserstack.utils.CurrentTestMap - Searching for Test Run ID for Thread: 1
18:02:45.190 [main] DEBUG c.browserstack.utils.CurrentTestMap - Searching for Test Run ID for Thread: 1
18:02:45.190 [main] DEBUG c.browserstack.utils.CurrentTestMap - Searching for Test Run ID for Thread: 1
18:02:45.190 [main] DEBUG c.browserstack.utils.CurrentTestMap - Searching for Test Run ID for Thread: 1
18:02:45.190 [main] DEBUG c.browserstack.utils.CurrentTestMap - Searching for Test Run ID for Thread: 1
18:02:45.190 [main] DEBUG c.browserstack.utils.CurrentTestMap - Searching for Test Run ID for Thread: 1
18:02:45.190 [main] DEBUG c.browserstack.utils.CurrentTestMap - Searching for Test Run ID for Thread: 1
18:02:45.190 [main] DEBUG c.browserstack.utils.CurrentTestMap - Searching for Test Run ID for Thread: 1
18:02:45.191 [main] DEBUG c.browserstack.utils.CurrentTestMap - Searching for Test Run ID for Thread: 1
18:02:45.191 [main] DEBUG c.browserstack.utils.CurrentTestMap - Searching for Test Run ID for Thread: 1
18:02:45.191 [main] DEBUG c.browserstack.utils.CurrentTestMap - Searching for Test Run ID for Thread: 1
18:02:45.191 [main] DEBUG c.browserstack.utils.CurrentTestMap - Searching for Test Run ID for Thread: 1
18:02:45.191 [main] DEBUG c.browserstack.utils.CurrentTestMap - Searching for Test Run ID for Thread: 1
