2025-09-24T12:29:34.890Z CLI debug [testhub:service]     loaded module: _0x2f0510
2025-09-24T12:29:34.890Z CLI debug [instrumentation:service]     loaded module: instrumentation:module
2025-09-24T12:29:34.890Z CLI debug [TEST REPORTING AND ANALYTICS:service]     loaded module: observability:module
2025-09-24T12:29:34.890Z CLI debug [accessibility:service]     loaded module: accessibility:module
2025-09-24T12:29:34.890Z CLI debug [ai:service]     loaded module: _0x391fba
2025-09-24T12:29:34.891Z CLI debug [percy:service]     loaded module: _0xc45376
2025-09-24T12:29:34.891Z CLI debug [local:service]     loaded module: _0x549dc8
2025-09-24T12:29:34.891Z CLI debug [appautomate:service]     loaded module: appautomate:module
2025-09-24T12:29:34.936Z CLI debug [main]     Starting main function execution
2025-09-24T12:29:34.937Z CLI debug [main]     Executing CLI
2025-09-24T12:32:44.021Z CLI debug [testhub:service]     loaded module: _0x2f0510
2025-09-24T12:32:44.022Z CLI debug [instrumentation:service]     loaded module: instrumentation:module
2025-09-24T12:32:44.022Z CLI debug [TEST REPORTING AND ANALYTICS:service]     loaded module: observability:module
2025-09-24T12:32:44.022Z CLI debug [accessibility:service]     loaded module: accessibility:module
2025-09-24T12:32:44.022Z CLI debug [ai:service]     loaded module: _0x391fba
2025-09-24T12:32:44.022Z CLI debug [percy:service]     loaded module: _0xc45376
2025-09-24T12:32:44.023Z CLI debug [local:service]     loaded module: _0x549dc8
2025-09-24T12:32:44.023Z CLI debug [appautomate:service]     loaded module: appautomate:module
2025-09-24T12:32:44.045Z CLI debug [main]     Starting main function execution
2025-09-24T12:32:44.046Z CLI debug [main]     Executing CLI
