19:51:35.301 [AWT-EventQueue-0] INFO  c.b.sdk.actions.DisableBrowserStack - Setting disable browserstack run update
19:51:35.314 [AWT-EventQueue-0] INFO  c.b.sdk.actions.EnableBrowserStack - Setting enable browserstack run update
12:53:33.173 [AWT-EventQueue-0] INFO  c.b.s.l.BrowserStackRunExtension - gradle
12:53:33.177 [AWT-EventQueue-0] INFO  com.browserstack.sdk.utils.Helpers - null
12:54:20.081 [AWT-EventQueue-0] INFO  c.b.s.l.BrowserStackRunExtension - gradle
12:54:20.081 [AWT-EventQueue-0] INFO  com.browserstack.sdk.utils.Helpers - null
12:57:07.663 [AWT-EventQueue-0] INFO  c.b.sdk.actions.DisableBrowserStack - Setting disable browserstack run update
12:57:07.672 [AWT-EventQueue-0] INFO  c.b.sdk.actions.EnableBrowserStack - Setting enable browserstack run update
12:59:56.788 [AWT-EventQueue-0] INFO  c.b.s.l.BrowserStackRunExtension - gradle
12:59:56.790 [AWT-EventQueue-0] INFO  com.browserstack.sdk.utils.Helpers - null
13:00:40.295 [AWT-EventQueue-0] INFO  c.b.s.l.BrowserStackRunExtension - gradle
13:00:40.295 [AWT-EventQueue-0] INFO  com.browserstack.sdk.utils.Helpers - null
13:04:29.806 [AWT-EventQueue-0] INFO  c.b.sdk.actions.DisableBrowserStack - Setting disable browserstack run update
13:04:29.815 [AWT-EventQueue-0] INFO  c.b.sdk.actions.EnableBrowserStack - Setting enable browserstack run update
13:04:29.938 [AWT-EventQueue-0] INFO  c.b.sdk.actions.EnableBrowserStack - Setting enable browserstack run update
13:04:29.940 [AWT-EventQueue-0] INFO  c.b.sdk.actions.DisableBrowserStack - Setting disable browserstack run update
13:07:43.695 [AWT-EventQueue-0] INFO  c.b.s.l.BrowserStackRunExtension - gradle
13:07:43.696 [AWT-EventQueue-0] INFO  com.browserstack.sdk.utils.Helpers - null
13:14:56.463 [AWT-EventQueue-0] INFO  c.b.s.l.BrowserStackRunExtension - gradle
13:14:56.465 [AWT-EventQueue-0] INFO  com.browserstack.sdk.utils.Helpers - null
13:17:47.561 [AWT-EventQueue-0] INFO  c.b.s.l.BrowserStackRunExtension - gradle
13:17:47.564 [AWT-EventQueue-0] INFO  com.browserstack.sdk.utils.Helpers - null
13:19:20.346 [AWT-EventQueue-0] INFO  c.b.s.l.BrowserStackRunExtension - gradle
13:19:20.347 [AWT-EventQueue-0] INFO  com.browserstack.sdk.utils.Helpers - null
13:19:26.978 [AWT-EventQueue-0] INFO  c.b.s.l.BrowserStackRunExtension - gradle
13:19:26.978 [AWT-EventQueue-0] INFO  com.browserstack.sdk.utils.Helpers - null
13:20:39.696 [AWT-EventQueue-0] INFO  c.b.s.l.BrowserStackRunExtension - gradle
13:20:39.696 [AWT-EventQueue-0] INFO  com.browserstack.sdk.utils.Helpers - null
14:16:22.567 [AWT-EventQueue-0] INFO  c.b.s.l.BrowserStackRunExtension - gradle
14:16:22.567 [AWT-EventQueue-0] INFO  com.browserstack.sdk.utils.Helpers - null
14:18:23.365 [AWT-EventQueue-0] INFO  c.b.s.l.BrowserStackRunExtension - gradle
14:18:23.367 [AWT-EventQueue-0] INFO  com.browserstack.sdk.utils.Helpers - null
14:18:57.306 [AWT-EventQueue-0] INFO  c.b.s.l.BrowserStackRunExtension - gradle
14:18:57.306 [AWT-EventQueue-0] INFO  com.browserstack.sdk.utils.Helpers - null
14:19:25.789 [AWT-EventQueue-0] INFO  c.b.s.l.BrowserStackRunExtension - gradle
14:19:25.790 [AWT-EventQueue-0] INFO  com.browserstack.sdk.utils.Helpers - null
14:28:27.043 [AWT-EventQueue-0] INFO  c.b.s.l.BrowserStackRunExtension - gradle
14:28:27.043 [AWT-EventQueue-0] INFO  com.browserstack.sdk.utils.Helpers - null
14:31:34.643 [AWT-EventQueue-0] INFO  c.b.s.l.BrowserStackRunExtension - gradle
14:31:34.644 [AWT-EventQueue-0] INFO  com.browserstack.sdk.utils.Helpers - null
14:32:14.632 [AWT-EventQueue-0] INFO  c.b.s.l.BrowserStackRunExtension - gradle
14:32:14.633 [AWT-EventQueue-0] INFO  com.browserstack.sdk.utils.Helpers - null
14:49:30.414 [AWT-EventQueue-0] INFO  c.b.s.l.BrowserStackRunExtension - gradle
14:49:30.417 [AWT-EventQueue-0] INFO  com.browserstack.sdk.utils.Helpers - null
14:50:04.457 [AWT-EventQueue-0] INFO  c.b.s.l.BrowserStackRunExtension - gradle
14:50:04.457 [AWT-EventQueue-0] INFO  com.browserstack.sdk.utils.Helpers - null
14:50:48.940 [AWT-EventQueue-0] INFO  c.b.s.l.BrowserStackRunExtension - gradle
14:50:48.942 [AWT-EventQueue-0] INFO  com.browserstack.sdk.utils.Helpers - null
14:52:01.977 [AWT-EventQueue-0] INFO  c.b.s.l.BrowserStackRunExtension - gradle
14:52:01.979 [AWT-EventQueue-0] INFO  com.browserstack.sdk.utils.Helpers - null
14:58:40.516 [AWT-EventQueue-0] INFO  c.b.s.l.BrowserStackRunExtension - gradle
14:58:40.519 [AWT-EventQueue-0] INFO  com.browserstack.sdk.utils.Helpers - null
15:03:52.951 [AWT-EventQueue-0] INFO  c.b.s.l.BrowserStackRunExtension - gradle
15:03:52.953 [AWT-EventQueue-0] INFO  com.browserstack.sdk.utils.Helpers - null
15:04:47.153 [AWT-EventQueue-0] INFO  c.b.s.l.BrowserStackRunExtension - gradle
15:04:47.153 [AWT-EventQueue-0] INFO  com.browserstack.sdk.utils.Helpers - null
15:05:54.943 [AWT-EventQueue-0] INFO  c.b.s.l.BrowserStackRunExtension - gradle
15:05:54.943 [AWT-EventQueue-0] INFO  com.browserstack.sdk.utils.Helpers - null
15:06:38.827 [AWT-EventQueue-0] INFO  c.b.s.l.BrowserStackRunExtension - gradle
15:06:38.828 [AWT-EventQueue-0] INFO  com.browserstack.sdk.utils.Helpers - null
16:48:06.217 [AWT-EventQueue-0] INFO  c.b.s.l.BrowserStackRunExtension - gradle
16:48:06.218 [AWT-EventQueue-0] INFO  com.browserstack.sdk.utils.Helpers - null
16:49:28.725 [AWT-EventQueue-0] INFO  c.b.s.l.BrowserStackRunExtension - gradle
16:49:28.726 [AWT-EventQueue-0] INFO  com.browserstack.sdk.utils.Helpers - null
16:49:29.443 [ApplicationImpl pooled thread 397] INFO  c.b.s.l.BrowserStackRunExtension - testng
16:49:29.443 [ApplicationImpl pooled thread 397] INFO  com.browserstack.sdk.utils.Helpers - null
16:49:29.444 [ApplicationImpl pooled thread 397] INFO  c.b.s.l.BrowserStackRunExtension - Agent path: null
16:49:47.258 [AWT-EventQueue-0] INFO  c.b.s.l.BrowserStackRunExtension - gradle
16:49:47.258 [AWT-EventQueue-0] INFO  com.browserstack.sdk.utils.Helpers - null
16:53:05.731 [AWT-EventQueue-0] INFO  c.b.s.l.BrowserStackRunExtension - gradle
16:53:05.731 [AWT-EventQueue-0] INFO  com.browserstack.sdk.utils.Helpers - null
16:54:38.141 [AWT-EventQueue-0] INFO  c.b.s.l.BrowserStackRunExtension - gradle
16:54:38.141 [AWT-EventQueue-0] INFO  com.browserstack.sdk.utils.Helpers - null
16:56:24.705 [AWT-EventQueue-0] INFO  c.b.s.l.BrowserStackRunExtension - gradle
16:56:24.706 [AWT-EventQueue-0] INFO  com.browserstack.sdk.utils.Helpers - null
16:57:15.155 [AWT-EventQueue-0] INFO  c.b.s.l.BrowserStackRunExtension - gradle
16:57:15.155 [AWT-EventQueue-0] INFO  com.browserstack.sdk.utils.Helpers - null
16:59:58.916 [AWT-EventQueue-0] INFO  c.b.s.l.BrowserStackRunExtension - gradle
16:59:58.916 [AWT-EventQueue-0] INFO  com.browserstack.sdk.utils.Helpers - null
17:01:32.731 [AWT-EventQueue-0] INFO  c.b.s.l.BrowserStackRunExtension - gradle
17:01:32.731 [AWT-EventQueue-0] INFO  com.browserstack.sdk.utils.Helpers - null
17:05:11.465 [AWT-EventQueue-0] INFO  c.b.s.l.BrowserStackRunExtension - gradle
17:05:11.466 [AWT-EventQueue-0] INFO  com.browserstack.sdk.utils.Helpers - null
17:06:31.549 [AWT-EventQueue-0] INFO  c.b.s.l.BrowserStackRunExtension - gradle
17:06:31.550 [AWT-EventQueue-0] INFO  com.browserstack.sdk.utils.Helpers - null
17:42:18.032 [AWT-EventQueue-0] INFO  c.b.s.l.BrowserStackRunExtension - gradle
17:42:18.033 [AWT-EventQueue-0] INFO  com.browserstack.sdk.utils.Helpers - null
17:43:53.364 [AWT-EventQueue-0] INFO  c.b.s.l.BrowserStackRunExtension - gradle
17:43:53.364 [AWT-EventQueue-0] INFO  com.browserstack.sdk.utils.Helpers - null
17:44:16.498 [AWT-EventQueue-0] INFO  c.b.s.l.BrowserStackRunExtension - gradle
17:44:16.498 [AWT-EventQueue-0] INFO  com.browserstack.sdk.utils.Helpers - null
18:12:56.345 [AWT-EventQueue-0] INFO  c.b.s.l.BrowserStackRunExtension - gradle
18:12:56.348 [AWT-EventQueue-0] INFO  com.browserstack.sdk.utils.Helpers - null
18:13:24.204 [AWT-EventQueue-0] INFO  c.b.s.l.BrowserStackRunExtension - gradle
18:13:24.204 [AWT-EventQueue-0] INFO  com.browserstack.sdk.utils.Helpers - null
18:19:29.307 [AWT-EventQueue-0] INFO  c.b.s.l.BrowserStackRunExtension - gradle
18:19:29.308 [AWT-EventQueue-0] INFO  com.browserstack.sdk.utils.Helpers - null
18:23:21.415 [AWT-EventQueue-0] INFO  c.b.s.l.BrowserStackRunExtension - gradle
18:23:21.415 [AWT-EventQueue-0] INFO  com.browserstack.sdk.utils.Helpers - null
18:29:50.132 [AWT-EventQueue-0] INFO  c.b.s.l.BrowserStackRunExtension - gradle
18:29:50.133 [AWT-EventQueue-0] INFO  com.browserstack.sdk.utils.Helpers - null
18:30:51.947 [AWT-EventQueue-0] INFO  c.b.s.l.BrowserStackRunExtension - gradle
18:30:51.947 [AWT-EventQueue-0] INFO  com.browserstack.sdk.utils.Helpers - null
18:31:03.097 [AWT-EventQueue-0] INFO  c.b.s.l.BrowserStackRunExtension - gradle
18:31:03.097 [AWT-EventQueue-0] INFO  com.browserstack.sdk.utils.Helpers - null
18:32:40.708 [AWT-EventQueue-0] INFO  c.b.s.l.BrowserStackRunExtension - gradle
18:32:40.709 [AWT-EventQueue-0] INFO  com.browserstack.sdk.utils.Helpers - null
18:36:34.039 [AWT-EventQueue-0] INFO  c.b.s.l.BrowserStackRunExtension - gradle
18:36:34.040 [AWT-EventQueue-0] INFO  com.browserstack.sdk.utils.Helpers - null
18:38:49.183 [AWT-EventQueue-0] INFO  c.b.s.l.BrowserStackRunExtension - gradle
18:38:49.184 [AWT-EventQueue-0] INFO  com.browserstack.sdk.utils.Helpers - null
18:39:17.546 [AWT-EventQueue-0] INFO  c.b.s.l.BrowserStackRunExtension - gradle
18:39:17.546 [AWT-EventQueue-0] INFO  com.browserstack.sdk.utils.Helpers - null
18:52:47.996 [AWT-EventQueue-0] INFO  c.b.s.l.BrowserStackRunExtension - gradle
18:52:47.996 [AWT-EventQueue-0] INFO  com.browserstack.sdk.utils.Helpers - null
18:52:56.710 [AWT-EventQueue-0] INFO  c.b.s.l.BrowserStackRunExtension - gradle
18:52:56.710 [AWT-EventQueue-0] INFO  com.browserstack.sdk.utils.Helpers - null
19:15:52.951 [AWT-EventQueue-0] INFO  c.b.sdk.actions.EnableBrowserStack - Setting enable browserstack run update
19:15:52.966 [AWT-EventQueue-0] INFO  c.b.sdk.actions.DisableBrowserStack - Setting disable browserstack run update
19:15:53.427 [AWT-EventQueue-0] INFO  c.b.sdk.actions.DisableBrowserStack - Setting disable browserstack run update
19:15:53.430 [AWT-EventQueue-0] INFO  c.b.sdk.actions.EnableBrowserStack - Setting enable browserstack run update
19:40:00.863 [AWT-EventQueue-0] INFO  c.b.s.l.BrowserStackRunExtension - gradle
19:40:00.864 [AWT-EventQueue-0] INFO  com.browserstack.sdk.utils.Helpers - null
20:00:07.952 [AWT-EventQueue-0] INFO  c.b.s.l.BrowserStackRunExtension - gradle
20:00:07.954 [AWT-EventQueue-0] INFO  com.browserstack.sdk.utils.Helpers - null
20:00:17.255 [AWT-EventQueue-0] INFO  c.b.s.l.BrowserStackRunExtension - gradle
20:00:17.255 [AWT-EventQueue-0] INFO  com.browserstack.sdk.utils.Helpers - null
20:01:20.582 [AWT-EventQueue-0] INFO  c.b.s.l.BrowserStackRunExtension - gradle
20:01:20.583 [AWT-EventQueue-0] INFO  com.browserstack.sdk.utils.Helpers - null
20:03:44.860 [AWT-EventQueue-0] INFO  c.b.s.l.BrowserStackRunExtension - gradle
20:03:44.861 [AWT-EventQueue-0] INFO  com.browserstack.sdk.utils.Helpers - null
20:06:27.135 [AWT-EventQueue-0] INFO  c.b.s.l.BrowserStackRunExtension - gradle
20:06:27.136 [AWT-EventQueue-0] INFO  com.browserstack.sdk.utils.Helpers - null
20:08:16.899 [AWT-EventQueue-0] INFO  c.b.s.l.BrowserStackRunExtension - gradle
20:08:16.900 [AWT-EventQueue-0] INFO  com.browserstack.sdk.utils.Helpers - null
20:21:24.807 [AWT-EventQueue-0] INFO  c.b.s.l.BrowserStackRunExtension - gradle
20:21:24.808 [AWT-EventQueue-0] INFO  com.browserstack.sdk.utils.Helpers - null
20:22:26.997 [AWT-EventQueue-0] INFO  c.b.s.l.BrowserStackRunExtension - gradle
20:22:26.997 [AWT-EventQueue-0] INFO  com.browserstack.sdk.utils.Helpers - null
20:24:02.460 [AWT-EventQueue-0] INFO  c.b.s.l.BrowserStackRunExtension - gradle
20:24:02.460 [AWT-EventQueue-0] INFO  com.browserstack.sdk.utils.Helpers - null
20:34:30.789 [AWT-EventQueue-0] INFO  c.b.s.l.BrowserStackRunExtension - gradle
20:34:30.791 [AWT-EventQueue-0] INFO  com.browserstack.sdk.utils.Helpers - null
20:35:43.084 [AWT-EventQueue-0] INFO  c.b.s.l.BrowserStackRunExtension - gradle
20:35:43.084 [AWT-EventQueue-0] INFO  com.browserstack.sdk.utils.Helpers - null
20:34:52.253 [AWT-EventQueue-0] INFO  c.b.sdk.actions.DisableBrowserStack - Setting disable browserstack run update
20:34:52.262 [AWT-EventQueue-0] INFO  c.b.sdk.actions.EnableBrowserStack - Setting enable browserstack run update
20:46:01.645 [AWT-EventQueue-0] INFO  c.b.s.l.BrowserStackRunExtension - gradle
20:46:01.649 [AWT-EventQueue-0] INFO  com.browserstack.sdk.utils.Helpers - null
20:46:18.210 [AWT-EventQueue-0] INFO  c.b.s.l.BrowserStackRunExtension - gradle
20:46:18.211 [AWT-EventQueue-0] INFO  com.browserstack.sdk.utils.Helpers - null
20:46:18.734 [ApplicationImpl pooled thread 265] INFO  c.b.s.l.BrowserStackRunExtension - testng
20:46:18.734 [ApplicationImpl pooled thread 265] INFO  com.browserstack.sdk.utils.Helpers - null
20:46:18.735 [ApplicationImpl pooled thread 265] INFO  c.b.s.l.BrowserStackRunExtension - Agent path: null
20:46:30.742 [AWT-EventQueue-0] INFO  c.b.s.l.BrowserStackRunExtension - gradle
20:46:30.742 [AWT-EventQueue-0] INFO  com.browserstack.sdk.utils.Helpers - null
20:47:18.226 [AWT-EventQueue-0] INFO  c.b.s.l.BrowserStackRunExtension - gradle
20:47:18.227 [AWT-EventQueue-0] INFO  com.browserstack.sdk.utils.Helpers - null
20:48:42.539 [AWT-EventQueue-0] INFO  c.b.s.l.BrowserStackRunExtension - gradle
20:48:42.539 [AWT-EventQueue-0] INFO  com.browserstack.sdk.utils.Helpers - null
20:56:00.429 [AWT-EventQueue-0] INFO  c.b.s.l.BrowserStackRunExtension - gradle
20:56:00.432 [AWT-EventQueue-0] INFO  com.browserstack.sdk.utils.Helpers - null
20:57:24.938 [AWT-EventQueue-0] INFO  c.b.s.l.BrowserStackRunExtension - gradle
20:57:24.939 [AWT-EventQueue-0] INFO  com.browserstack.sdk.utils.Helpers - null
20:59:56.448 [AWT-EventQueue-0] INFO  c.b.s.l.BrowserStackRunExtension - gradle
20:59:56.449 [AWT-EventQueue-0] INFO  com.browserstack.sdk.utils.Helpers - null
21:00:37.558 [AWT-EventQueue-0] INFO  c.b.sdk.actions.DisableBrowserStack - Setting disable browserstack run update
21:00:37.583 [AWT-EventQueue-0] INFO  c.b.sdk.actions.EnableBrowserStack - Setting enable browserstack run update
21:00:37.920 [AWT-EventQueue-0] INFO  c.b.sdk.actions.EnableBrowserStack - Setting enable browserstack run update
21:00:38.006 [AWT-EventQueue-0] INFO  c.b.sdk.actions.DisableBrowserStack - Setting disable browserstack run update
21:00:44.898 [AWT-EventQueue-0] INFO  c.b.s.l.BrowserStackRunExtension - gradle
21:00:44.898 [AWT-EventQueue-0] INFO  com.browserstack.sdk.utils.Helpers - null
21:04:19.664 [AWT-EventQueue-0] INFO  c.b.s.l.BrowserStackRunExtension - gradle
21:04:19.665 [AWT-EventQueue-0] INFO  com.browserstack.sdk.utils.Helpers - null
21:05:15.176 [AWT-EventQueue-0] INFO  c.b.s.l.BrowserStackRunExtension - gradle
21:05:15.177 [AWT-EventQueue-0] INFO  com.browserstack.sdk.utils.Helpers - null
21:06:08.670 [AWT-EventQueue-0] INFO  c.b.s.l.BrowserStackRunExtension - gradle
21:06:08.671 [AWT-EventQueue-0] INFO  com.browserstack.sdk.utils.Helpers - null
21:09:26.512 [AWT-EventQueue-0] INFO  c.b.s.l.BrowserStackRunExtension - gradle
21:09:26.513 [AWT-EventQueue-0] INFO  com.browserstack.sdk.utils.Helpers - null
21:10:13.823 [AWT-EventQueue-0] INFO  c.b.s.l.BrowserStackRunExtension - gradle
21:10:13.823 [AWT-EventQueue-0] INFO  com.browserstack.sdk.utils.Helpers - null
22:38:27.944 [AWT-EventQueue-0] INFO  c.b.s.l.BrowserStackRunExtension - gradle
22:38:27.947 [AWT-EventQueue-0] INFO  com.browserstack.sdk.utils.Helpers - null
22:51:34.166 [AWT-EventQueue-0] INFO  c.b.s.l.BrowserStackRunExtension - gradle
22:51:34.168 [AWT-EventQueue-0] INFO  com.browserstack.sdk.utils.Helpers - null
22:56:30.133 [AWT-EventQueue-0] INFO  c.b.s.l.BrowserStackRunExtension - gradle
22:56:30.135 [AWT-EventQueue-0] INFO  com.browserstack.sdk.utils.Helpers - null
22:57:53.081 [AWT-EventQueue-0] INFO  c.b.s.l.BrowserStackRunExtension - gradle
22:57:53.081 [AWT-EventQueue-0] INFO  com.browserstack.sdk.utils.Helpers - null
22:59:55.761 [AWT-EventQueue-0] INFO  c.b.s.l.BrowserStackRunExtension - gradle
22:59:55.762 [AWT-EventQueue-0] INFO  com.browserstack.sdk.utils.Helpers - null
23:01:58.413 [AWT-EventQueue-0] INFO  c.b.s.l.BrowserStackRunExtension - gradle
23:01:58.415 [AWT-EventQueue-0] INFO  com.browserstack.sdk.utils.Helpers - null
09:46:00.957 [AWT-EventQueue-0] INFO  c.b.s.l.BrowserStackRunExtension - gradle
09:46:00.961 [AWT-EventQueue-0] INFO  com.browserstack.sdk.utils.Helpers - null
09:50:09.707 [AWT-EventQueue-0] INFO  c.b.s.l.BrowserStackRunExtension - gradle
09:50:09.707 [AWT-EventQueue-0] INFO  com.browserstack.sdk.utils.Helpers - null
09:50:20.125 [AWT-EventQueue-0] INFO  c.b.s.l.BrowserStackRunExtension - gradle
09:50:20.126 [AWT-EventQueue-0] INFO  com.browserstack.sdk.utils.Helpers - null
09:50:27.702 [AWT-EventQueue-0] INFO  c.b.s.l.BrowserStackRunExtension - gradle
09:50:27.703 [AWT-EventQueue-0] INFO  com.browserstack.sdk.utils.Helpers - null
09:53:55.795 [AWT-EventQueue-0] INFO  c.b.s.l.BrowserStackRunExtension - gradle
09:53:55.795 [AWT-EventQueue-0] INFO  com.browserstack.sdk.utils.Helpers - null
09:58:28.700 [AWT-EventQueue-0] INFO  c.b.s.l.BrowserStackRunExtension - gradle
09:58:28.701 [AWT-EventQueue-0] INFO  com.browserstack.sdk.utils.Helpers - null
09:59:15.445 [AWT-EventQueue-0] INFO  c.b.s.l.BrowserStackRunExtension - gradle
09:59:15.446 [AWT-EventQueue-0] INFO  com.browserstack.sdk.utils.Helpers - null
10:01:10.756 [AWT-EventQueue-0] INFO  c.b.s.l.BrowserStackRunExtension - gradle
10:01:10.756 [AWT-EventQueue-0] INFO  com.browserstack.sdk.utils.Helpers - null
10:06:15.642 [AWT-EventQueue-0] INFO  c.b.s.l.BrowserStackRunExtension - gradle
10:06:15.644 [AWT-EventQueue-0] INFO  com.browserstack.sdk.utils.Helpers - null
10:07:00.136 [AWT-EventQueue-0] INFO  c.b.s.l.BrowserStackRunExtension - gradle
10:07:00.138 [AWT-EventQueue-0] INFO  com.browserstack.sdk.utils.Helpers - null
10:11:38.641 [AWT-EventQueue-0] INFO  c.b.s.l.BrowserStackRunExtension - gradle
10:11:38.642 [AWT-EventQueue-0] INFO  com.browserstack.sdk.utils.Helpers - null
10:15:34.671 [AWT-EventQueue-0] INFO  c.b.s.l.BrowserStackRunExtension - gradle
10:15:34.671 [AWT-EventQueue-0] INFO  com.browserstack.sdk.utils.Helpers - null
10:16:22.699 [AWT-EventQueue-0] INFO  c.b.s.l.BrowserStackRunExtension - gradle
10:16:22.699 [AWT-EventQueue-0] INFO  com.browserstack.sdk.utils.Helpers - null
17:45:14.523 [AWT-EventQueue-0] INFO  c.b.s.l.BrowserStackRunExtension - gradle
17:45:14.525 [AWT-EventQueue-0] INFO  com.browserstack.sdk.utils.Helpers - null
17:46:03.756 [AWT-EventQueue-0] INFO  c.b.s.l.BrowserStackRunExtension - gradle
17:46:03.763 [AWT-EventQueue-0] INFO  com.browserstack.sdk.utils.Helpers - null
17:47:15.330 [AWT-EventQueue-0] INFO  c.b.s.l.BrowserStackRunExtension - gradle
17:47:15.330 [AWT-EventQueue-0] INFO  com.browserstack.sdk.utils.Helpers - null
17:49:54.613 [AWT-EventQueue-0] INFO  c.b.s.l.BrowserStackRunExtension - gradle
17:49:54.614 [AWT-EventQueue-0] INFO  com.browserstack.sdk.utils.Helpers - null
17:50:05.150 [AWT-EventQueue-0] INFO  c.b.s.l.BrowserStackRunExtension - gradle
17:50:05.150 [AWT-EventQueue-0] INFO  com.browserstack.sdk.utils.Helpers - null
17:52:23.209 [AWT-EventQueue-0] INFO  c.b.s.l.BrowserStackRunExtension - gradle
17:52:23.209 [AWT-EventQueue-0] INFO  com.browserstack.sdk.utils.Helpers - null
17:53:08.228 [AWT-EventQueue-0] INFO  c.b.s.l.BrowserStackRunExtension - gradle
17:53:08.228 [AWT-EventQueue-0] INFO  com.browserstack.sdk.utils.Helpers - null
18:28:31.814 [AWT-EventQueue-0] INFO  c.b.s.l.BrowserStackRunExtension - gradle
18:28:31.816 [AWT-EventQueue-0] INFO  com.browserstack.sdk.utils.Helpers - null
18:29:10.384 [AWT-EventQueue-0] INFO  c.b.s.l.BrowserStackRunExtension - gradle
18:29:10.385 [AWT-EventQueue-0] INFO  com.browserstack.sdk.utils.Helpers - null
18:29:51.929 [AWT-EventQueue-0] INFO  c.b.s.l.BrowserStackRunExtension - gradle
18:29:51.930 [AWT-EventQueue-0] INFO  com.browserstack.sdk.utils.Helpers - null
18:30:32.426 [AWT-EventQueue-0] INFO  c.b.s.l.BrowserStackRunExtension - gradle
18:30:32.427 [AWT-EventQueue-0] INFO  com.browserstack.sdk.utils.Helpers - null
18:33:20.763 [AWT-EventQueue-0] INFO  c.b.s.l.BrowserStackRunExtension - gradle
18:33:20.764 [AWT-EventQueue-0] INFO  com.browserstack.sdk.utils.Helpers - null
18:34:06.559 [AWT-EventQueue-0] INFO  c.b.s.l.BrowserStackRunExtension - gradle
18:34:06.560 [AWT-EventQueue-0] INFO  com.browserstack.sdk.utils.Helpers - null
18:46:13.887 [AWT-EventQueue-0] INFO  c.b.s.l.BrowserStackRunExtension - gradle
18:46:13.888 [AWT-EventQueue-0] INFO  com.browserstack.sdk.utils.Helpers - null
18:47:01.129 [AWT-EventQueue-0] INFO  c.b.s.l.BrowserStackRunExtension - gradle
18:47:01.129 [AWT-EventQueue-0] INFO  com.browserstack.sdk.utils.Helpers - null
18:47:35.430 [AWT-EventQueue-0] INFO  c.b.s.l.BrowserStackRunExtension - gradle
18:47:35.430 [AWT-EventQueue-0] INFO  com.browserstack.sdk.utils.Helpers - null
18:48:01.786 [AWT-EventQueue-0] INFO  c.b.s.l.BrowserStackRunExtension - gradle
18:48:01.786 [AWT-EventQueue-0] INFO  com.browserstack.sdk.utils.Helpers - null
18:49:18.965 [AWT-EventQueue-0] INFO  c.b.s.l.BrowserStackRunExtension - gradle
18:49:18.968 [AWT-EventQueue-0] INFO  com.browserstack.sdk.utils.Helpers - null
18:50:29.025 [AWT-EventQueue-0] INFO  c.b.s.l.BrowserStackRunExtension - gradle
18:50:29.025 [AWT-EventQueue-0] INFO  com.browserstack.sdk.utils.Helpers - null
18:50:57.016 [AWT-EventQueue-0] INFO  c.b.s.l.BrowserStackRunExtension - gradle
18:50:57.016 [AWT-EventQueue-0] INFO  com.browserstack.sdk.utils.Helpers - null
18:51:28.263 [AWT-EventQueue-0] INFO  c.b.s.l.BrowserStackRunExtension - gradle
18:51:28.264 [AWT-EventQueue-0] INFO  com.browserstack.sdk.utils.Helpers - null
18:57:04.483 [AWT-EventQueue-0] INFO  c.b.s.l.BrowserStackRunExtension - gradle
18:57:04.483 [AWT-EventQueue-0] INFO  com.browserstack.sdk.utils.Helpers - null
19:09:20.454 [AWT-EventQueue-0] INFO  c.b.s.l.BrowserStackRunExtension - gradle
19:09:20.455 [AWT-EventQueue-0] INFO  com.browserstack.sdk.utils.Helpers - null
19:10:23.629 [AWT-EventQueue-0] INFO  c.b.s.l.BrowserStackRunExtension - gradle
19:10:23.629 [AWT-EventQueue-0] INFO  com.browserstack.sdk.utils.Helpers - null
19:39:19.041 [AWT-EventQueue-0] INFO  c.b.s.l.BrowserStackRunExtension - gradle
19:39:19.042 [AWT-EventQueue-0] INFO  com.browserstack.sdk.utils.Helpers - null
20:12:13.572 [AWT-EventQueue-0] INFO  c.b.s.l.BrowserStackRunExtension - gradle
20:12:13.574 [AWT-EventQueue-0] INFO  com.browserstack.sdk.utils.Helpers - null
20:18:45.075 [AWT-EventQueue-0] INFO  c.b.s.l.BrowserStackRunExtension - gradle
20:18:45.076 [AWT-EventQueue-0] INFO  com.browserstack.sdk.utils.Helpers - null
16:57:14.194 [AWT-EventQueue-0] INFO  c.b.s.l.BrowserStackRunExtension - gradle
16:57:14.195 [AWT-EventQueue-0] INFO  com.browserstack.sdk.utils.Helpers - null
16:57:15.305 [ApplicationImpl pooled thread 2] INFO  c.b.s.l.BrowserStackRunExtension - testng
16:57:15.305 [ApplicationImpl pooled thread 2] INFO  com.browserstack.sdk.utils.Helpers - null
16:57:15.306 [ApplicationImpl pooled thread 2] INFO  c.b.s.l.BrowserStackRunExtension - Agent path: null
19:02:30.467 [AWT-EventQueue-0] INFO  c.b.s.l.BrowserStackRunExtension - gradle
19:02:30.469 [AWT-EventQueue-0] INFO  com.browserstack.sdk.utils.Helpers - null
19:02:41.687 [ApplicationImpl pooled thread 560] INFO  c.b.s.l.BrowserStackRunExtension - testng
19:02:41.689 [ApplicationImpl pooled thread 560] INFO  com.browserstack.sdk.utils.Helpers - null
19:02:41.699 [ApplicationImpl pooled thread 560] INFO  c.b.s.l.BrowserStackRunExtension - Agent path: null
19:03:50.377 [AWT-EventQueue-0] INFO  c.b.s.l.BrowserStackRunExtension - gradle
19:03:50.379 [AWT-EventQueue-0] INFO  com.browserstack.sdk.utils.Helpers - null
19:03:53.239 [ApplicationImpl pooled thread 553] INFO  c.b.s.l.BrowserStackRunExtension - testng
19:03:53.241 [ApplicationImpl pooled thread 553] INFO  com.browserstack.sdk.utils.Helpers - null
19:03:53.249 [ApplicationImpl pooled thread 553] INFO  c.b.s.l.BrowserStackRunExtension - Agent path: null
19:05:58.435 [AWT-EventQueue-0] INFO  c.b.s.l.BrowserStackRunExtension - gradle
19:05:58.439 [AWT-EventQueue-0] INFO  com.browserstack.sdk.utils.Helpers - null
19:06:04.792 [ApplicationImpl pooled thread 553] INFO  c.b.s.l.BrowserStackRunExtension - testng
19:06:04.792 [ApplicationImpl pooled thread 553] INFO  com.browserstack.sdk.utils.Helpers - null
19:06:04.803 [ApplicationImpl pooled thread 553] INFO  c.b.s.l.BrowserStackRunExtension - Agent path: null
10:03:37.028 [AWT-EventQueue-0] INFO  c.b.sdk.actions.DisableBrowserStack - Setting disable browserstack run update
10:03:37.042 [AWT-EventQueue-0] INFO  c.b.sdk.actions.EnableBrowserStack - Setting enable browserstack run update
21:26:50.826 [AWT-EventQueue-0] INFO  c.b.s.l.BrowserStackRunExtension - gradle
21:26:50.829 [AWT-EventQueue-0] INFO  com.browserstack.sdk.utils.Helpers - null
21:26:52.407 [ApplicationImpl pooled thread 965] INFO  c.b.s.l.BrowserStackRunExtension - testng
21:26:52.407 [ApplicationImpl pooled thread 965] INFO  com.browserstack.sdk.utils.Helpers - null
21:26:52.409 [ApplicationImpl pooled thread 965] INFO  com.browserstack.sdk.utils.Helpers - /Users/sanjeevareddysj/.gradle/caches/modules-2/files-2.1/com.browserstack/browserstack-java-sdk/1.41.1/9db606957fb0f97045b7b31e3a208ff39b8cd46a/browserstack-java-sdk-1.41.1.jar
21:26:52.409 [ApplicationImpl pooled thread 965] INFO  c.b.s.l.BrowserStackRunExtension - Agent path: /Users/sanjeevareddysj/.gradle/caches/modules-2/files-2.1/com.browserstack/browserstack-java-sdk/1.41.1/9db606957fb0f97045b7b31e3a208ff39b8cd46a/browserstack-java-sdk-1.41.1.jar
21:26:52.409 [ApplicationImpl pooled thread 965] INFO  c.b.s.l.BrowserStackRunExtension - Adding Browserstack SDK javaagent argline
21:26:52.409 [ApplicationImpl pooled thread 965] INFO  c.b.s.l.BrowserStackRunExtension - Plugin version: 2.0.0-IC
21:30:53.703 [AWT-EventQueue-0] INFO  c.b.s.l.BrowserStackRunExtension - gradle
21:30:53.704 [AWT-EventQueue-0] INFO  com.browserstack.sdk.utils.Helpers - null
21:30:56.151 [ApplicationImpl pooled thread 970] INFO  c.b.s.l.BrowserStackRunExtension - testng
21:30:56.151 [ApplicationImpl pooled thread 970] INFO  com.browserstack.sdk.utils.Helpers - null
21:30:56.152 [ApplicationImpl pooled thread 970] INFO  com.browserstack.sdk.utils.Helpers - /Users/sanjeevareddysj/.gradle/caches/modules-2/files-2.1/com.browserstack/browserstack-java-sdk/1.41.1/9db606957fb0f97045b7b31e3a208ff39b8cd46a/browserstack-java-sdk-1.41.1.jar
21:30:56.153 [ApplicationImpl pooled thread 970] INFO  c.b.s.l.BrowserStackRunExtension - Agent path: /Users/sanjeevareddysj/.gradle/caches/modules-2/files-2.1/com.browserstack/browserstack-java-sdk/1.41.1/9db606957fb0f97045b7b31e3a208ff39b8cd46a/browserstack-java-sdk-1.41.1.jar
21:30:56.153 [ApplicationImpl pooled thread 970] INFO  c.b.s.l.BrowserStackRunExtension - Adding Browserstack SDK javaagent argline
21:30:56.153 [ApplicationImpl pooled thread 970] INFO  c.b.s.l.BrowserStackRunExtension - Plugin version: 2.0.0-IC
21:31:47.392 [AWT-EventQueue-0] INFO  c.b.s.l.BrowserStackRunExtension - gradle
21:31:47.392 [AWT-EventQueue-0] INFO  com.browserstack.sdk.utils.Helpers - null
21:31:48.172 [ApplicationImpl pooled thread 977] INFO  c.b.s.l.BrowserStackRunExtension - testng
21:31:48.172 [ApplicationImpl pooled thread 977] INFO  com.browserstack.sdk.utils.Helpers - null
21:31:48.172 [ApplicationImpl pooled thread 977] INFO  com.browserstack.sdk.utils.Helpers - /Users/sanjeevareddysj/.gradle/caches/modules-2/files-2.1/com.browserstack/browserstack-java-sdk/1.41.1/9db606957fb0f97045b7b31e3a208ff39b8cd46a/browserstack-java-sdk-1.41.1.jar
21:31:48.172 [ApplicationImpl pooled thread 977] INFO  c.b.s.l.BrowserStackRunExtension - Agent path: /Users/sanjeevareddysj/.gradle/caches/modules-2/files-2.1/com.browserstack/browserstack-java-sdk/1.41.1/9db606957fb0f97045b7b31e3a208ff39b8cd46a/browserstack-java-sdk-1.41.1.jar
21:31:48.172 [ApplicationImpl pooled thread 977] INFO  c.b.s.l.BrowserStackRunExtension - Adding Browserstack SDK javaagent argline
21:31:48.172 [ApplicationImpl pooled thread 977] INFO  c.b.s.l.BrowserStackRunExtension - Plugin version: 2.0.0-IC
21:32:13.824 [AWT-EventQueue-0] INFO  c.b.s.l.BrowserStackRunExtension - gradle
21:32:13.824 [AWT-EventQueue-0] INFO  com.browserstack.sdk.utils.Helpers - null
21:32:14.904 [ApplicationImpl pooled thread 979] INFO  c.b.s.l.BrowserStackRunExtension - testng
21:32:14.904 [ApplicationImpl pooled thread 979] INFO  com.browserstack.sdk.utils.Helpers - null
21:32:14.904 [ApplicationImpl pooled thread 979] INFO  com.browserstack.sdk.utils.Helpers - /Users/sanjeevareddysj/.gradle/caches/modules-2/files-2.1/com.browserstack/browserstack-java-sdk/1.41.1/9db606957fb0f97045b7b31e3a208ff39b8cd46a/browserstack-java-sdk-1.41.1.jar
21:32:14.904 [ApplicationImpl pooled thread 979] INFO  c.b.s.l.BrowserStackRunExtension - Agent path: /Users/sanjeevareddysj/.gradle/caches/modules-2/files-2.1/com.browserstack/browserstack-java-sdk/1.41.1/9db606957fb0f97045b7b31e3a208ff39b8cd46a/browserstack-java-sdk-1.41.1.jar
21:32:14.904 [ApplicationImpl pooled thread 979] INFO  c.b.s.l.BrowserStackRunExtension - Adding Browserstack SDK javaagent argline
21:32:14.904 [ApplicationImpl pooled thread 979] INFO  c.b.s.l.BrowserStackRunExtension - Plugin version: 2.0.0-IC
21:32:56.434 [AWT-EventQueue-0] INFO  c.b.s.l.BrowserStackRunExtension - gradle
21:32:56.434 [AWT-EventQueue-0] INFO  com.browserstack.sdk.utils.Helpers - null
21:32:57.626 [ApplicationImpl pooled thread 965] INFO  c.b.s.l.BrowserStackRunExtension - testng
21:32:57.626 [ApplicationImpl pooled thread 965] INFO  com.browserstack.sdk.utils.Helpers - null
21:32:57.627 [ApplicationImpl pooled thread 965] INFO  com.browserstack.sdk.utils.Helpers - /Users/sanjeevareddysj/.gradle/caches/modules-2/files-2.1/com.browserstack/browserstack-java-sdk/1.41.1/9db606957fb0f97045b7b31e3a208ff39b8cd46a/browserstack-java-sdk-1.41.1.jar
21:32:57.627 [ApplicationImpl pooled thread 965] INFO  c.b.s.l.BrowserStackRunExtension - Agent path: /Users/sanjeevareddysj/.gradle/caches/modules-2/files-2.1/com.browserstack/browserstack-java-sdk/1.41.1/9db606957fb0f97045b7b31e3a208ff39b8cd46a/browserstack-java-sdk-1.41.1.jar
21:32:57.627 [ApplicationImpl pooled thread 965] INFO  c.b.s.l.BrowserStackRunExtension - Adding Browserstack SDK javaagent argline
21:32:57.627 [ApplicationImpl pooled thread 965] INFO  c.b.s.l.BrowserStackRunExtension - Plugin version: 2.0.0-IC
21:34:21.414 [AWT-EventQueue-0] INFO  c.b.s.l.BrowserStackRunExtension - gradle
21:34:21.415 [AWT-EventQueue-0] INFO  com.browserstack.sdk.utils.Helpers - null
21:34:22.608 [ApplicationImpl pooled thread 981] INFO  c.b.s.l.BrowserStackRunExtension - testng
21:34:22.608 [ApplicationImpl pooled thread 981] INFO  com.browserstack.sdk.utils.Helpers - null
21:34:22.610 [ApplicationImpl pooled thread 981] INFO  com.browserstack.sdk.utils.Helpers - /Users/sanjeevareddysj/.gradle/caches/modules-2/files-2.1/com.browserstack/browserstack-java-sdk/1.41.1/9db606957fb0f97045b7b31e3a208ff39b8cd46a/browserstack-java-sdk-1.41.1.jar
21:34:22.610 [ApplicationImpl pooled thread 981] INFO  c.b.s.l.BrowserStackRunExtension - Agent path: /Users/sanjeevareddysj/.gradle/caches/modules-2/files-2.1/com.browserstack/browserstack-java-sdk/1.41.1/9db606957fb0f97045b7b31e3a208ff39b8cd46a/browserstack-java-sdk-1.41.1.jar
21:34:22.611 [ApplicationImpl pooled thread 981] INFO  c.b.s.l.BrowserStackRunExtension - Adding Browserstack SDK javaagent argline
21:34:22.611 [ApplicationImpl pooled thread 981] INFO  c.b.s.l.BrowserStackRunExtension - Plugin version: 2.0.0-IC
16:35:38.856 [AWT-EventQueue-0] INFO  c.b.s.l.BrowserStackRunExtension - gradle
16:35:38.858 [AWT-EventQueue-0] INFO  com.browserstack.sdk.utils.Helpers - null
16:35:40.287 [ApplicationImpl pooled thread 1] INFO  c.b.s.l.BrowserStackRunExtension - testng
16:35:40.287 [ApplicationImpl pooled thread 1] INFO  com.browserstack.sdk.utils.Helpers - null
16:35:40.292 [ApplicationImpl pooled thread 1] INFO  com.browserstack.sdk.utils.Helpers - /Users/sanjeevareddysj/.gradle/caches/modules-2/files-2.1/com.browserstack/browserstack-java-sdk/1.41.3/ebab3802fc8203289839df92328f76ed3c9cb6c4/browserstack-java-sdk-1.41.3.jar
16:35:40.292 [ApplicationImpl pooled thread 1] INFO  c.b.s.l.BrowserStackRunExtension - Agent path: /Users/sanjeevareddysj/.gradle/caches/modules-2/files-2.1/com.browserstack/browserstack-java-sdk/1.41.3/ebab3802fc8203289839df92328f76ed3c9cb6c4/browserstack-java-sdk-1.41.3.jar
16:35:40.292 [ApplicationImpl pooled thread 1] INFO  c.b.s.l.BrowserStackRunExtension - Adding Browserstack SDK javaagent argline
16:35:40.293 [ApplicationImpl pooled thread 1] INFO  c.b.s.l.BrowserStackRunExtension - Plugin version: 2.0.0-IC
16:36:35.717 [AWT-EventQueue-0] INFO  c.b.s.l.BrowserStackRunExtension - gradle
16:36:35.719 [AWT-EventQueue-0] INFO  com.browserstack.sdk.utils.Helpers - null
16:36:36.621 [ApplicationImpl pooled thread 14] INFO  c.b.s.l.BrowserStackRunExtension - testng
16:36:36.621 [ApplicationImpl pooled thread 14] INFO  com.browserstack.sdk.utils.Helpers - null
16:36:36.623 [ApplicationImpl pooled thread 14] INFO  com.browserstack.sdk.utils.Helpers - /Users/sanjeevareddysj/.gradle/caches/modules-2/files-2.1/com.browserstack/browserstack-java-sdk/1.41.3/ebab3802fc8203289839df92328f76ed3c9cb6c4/browserstack-java-sdk-1.41.3.jar
16:36:36.623 [ApplicationImpl pooled thread 14] INFO  c.b.s.l.BrowserStackRunExtension - Agent path: /Users/sanjeevareddysj/.gradle/caches/modules-2/files-2.1/com.browserstack/browserstack-java-sdk/1.41.3/ebab3802fc8203289839df92328f76ed3c9cb6c4/browserstack-java-sdk-1.41.3.jar
16:36:36.623 [ApplicationImpl pooled thread 14] INFO  c.b.s.l.BrowserStackRunExtension - Adding Browserstack SDK javaagent argline
16:36:36.623 [ApplicationImpl pooled thread 14] INFO  c.b.s.l.BrowserStackRunExtension - Plugin version: 2.0.0-IC
16:45:28.881 [AWT-EventQueue-0] INFO  c.b.s.l.BrowserStackRunExtension - gradle
16:45:28.882 [AWT-EventQueue-0] INFO  com.browserstack.sdk.utils.Helpers - null
16:45:29.857 [ApplicationImpl pooled thread 31] INFO  c.b.s.l.BrowserStackRunExtension - testng
16:45:29.857 [ApplicationImpl pooled thread 31] INFO  com.browserstack.sdk.utils.Helpers - null
16:45:29.857 [ApplicationImpl pooled thread 31] INFO  com.browserstack.sdk.utils.Helpers - /Users/sanjeevareddysj/.gradle/caches/modules-2/files-2.1/com.browserstack/browserstack-java-sdk/1.41.3/ebab3802fc8203289839df92328f76ed3c9cb6c4/browserstack-java-sdk-1.41.3.jar
16:45:29.857 [ApplicationImpl pooled thread 31] INFO  c.b.s.l.BrowserStackRunExtension - Agent path: /Users/sanjeevareddysj/.gradle/caches/modules-2/files-2.1/com.browserstack/browserstack-java-sdk/1.41.3/ebab3802fc8203289839df92328f76ed3c9cb6c4/browserstack-java-sdk-1.41.3.jar
16:45:29.857 [ApplicationImpl pooled thread 31] INFO  c.b.s.l.BrowserStackRunExtension - Adding Browserstack SDK javaagent argline
16:45:29.857 [ApplicationImpl pooled thread 31] INFO  c.b.s.l.BrowserStackRunExtension - Plugin version: 2.0.0-IC
16:47:50.586 [AWT-EventQueue-0] INFO  c.b.s.l.BrowserStackRunExtension - gradle
16:47:50.587 [AWT-EventQueue-0] INFO  com.browserstack.sdk.utils.Helpers - null
16:47:51.500 [ApplicationImpl pooled thread 31] INFO  c.b.s.l.BrowserStackRunExtension - testng
16:47:51.500 [ApplicationImpl pooled thread 31] INFO  com.browserstack.sdk.utils.Helpers - null
16:47:51.500 [ApplicationImpl pooled thread 31] INFO  com.browserstack.sdk.utils.Helpers - /Users/sanjeevareddysj/.gradle/caches/modules-2/files-2.1/com.browserstack/browserstack-java-sdk/1.41.3/ebab3802fc8203289839df92328f76ed3c9cb6c4/browserstack-java-sdk-1.41.3.jar
16:47:51.500 [ApplicationImpl pooled thread 31] INFO  c.b.s.l.BrowserStackRunExtension - Agent path: /Users/sanjeevareddysj/.gradle/caches/modules-2/files-2.1/com.browserstack/browserstack-java-sdk/1.41.3/ebab3802fc8203289839df92328f76ed3c9cb6c4/browserstack-java-sdk-1.41.3.jar
16:47:51.501 [ApplicationImpl pooled thread 31] INFO  c.b.s.l.BrowserStackRunExtension - Adding Browserstack SDK javaagent argline
16:47:51.501 [ApplicationImpl pooled thread 31] INFO  c.b.s.l.BrowserStackRunExtension - Plugin version: 2.0.0-IC
16:49:21.593 [AWT-EventQueue-0] INFO  c.b.s.l.BrowserStackRunExtension - gradle
16:49:21.593 [AWT-EventQueue-0] INFO  com.browserstack.sdk.utils.Helpers - null
16:49:22.328 [ApplicationImpl pooled thread 34] INFO  c.b.s.l.BrowserStackRunExtension - testng
16:49:22.328 [ApplicationImpl pooled thread 34] INFO  com.browserstack.sdk.utils.Helpers - null
16:49:22.329 [ApplicationImpl pooled thread 34] INFO  com.browserstack.sdk.utils.Helpers - /Users/sanjeevareddysj/.gradle/caches/modules-2/files-2.1/com.browserstack/browserstack-java-sdk/1.41.3/ebab3802fc8203289839df92328f76ed3c9cb6c4/browserstack-java-sdk-1.41.3.jar
16:49:22.329 [ApplicationImpl pooled thread 34] INFO  c.b.s.l.BrowserStackRunExtension - Agent path: /Users/sanjeevareddysj/.gradle/caches/modules-2/files-2.1/com.browserstack/browserstack-java-sdk/1.41.3/ebab3802fc8203289839df92328f76ed3c9cb6c4/browserstack-java-sdk-1.41.3.jar
16:49:22.329 [ApplicationImpl pooled thread 34] INFO  c.b.s.l.BrowserStackRunExtension - Adding Browserstack SDK javaagent argline
16:49:22.329 [ApplicationImpl pooled thread 34] INFO  c.b.s.l.BrowserStackRunExtension - Plugin version: 2.0.0-IC
16:52:27.670 [AWT-EventQueue-0] INFO  c.b.s.l.BrowserStackRunExtension - gradle
16:52:27.671 [AWT-EventQueue-0] INFO  com.browserstack.sdk.utils.Helpers - null
16:52:29.084 [ApplicationImpl pooled thread 35] INFO  c.b.s.l.BrowserStackRunExtension - testng
16:52:29.084 [ApplicationImpl pooled thread 35] INFO  com.browserstack.sdk.utils.Helpers - null
16:52:29.086 [ApplicationImpl pooled thread 35] INFO  com.browserstack.sdk.utils.Helpers - /Users/sanjeevareddysj/.gradle/caches/modules-2/files-2.1/com.browserstack/browserstack-java-sdk/1.41.3/ebab3802fc8203289839df92328f76ed3c9cb6c4/browserstack-java-sdk-1.41.3.jar
16:52:29.086 [ApplicationImpl pooled thread 35] INFO  c.b.s.l.BrowserStackRunExtension - Agent path: /Users/sanjeevareddysj/.gradle/caches/modules-2/files-2.1/com.browserstack/browserstack-java-sdk/1.41.3/ebab3802fc8203289839df92328f76ed3c9cb6c4/browserstack-java-sdk-1.41.3.jar
16:52:29.086 [ApplicationImpl pooled thread 35] INFO  c.b.s.l.BrowserStackRunExtension - Adding Browserstack SDK javaagent argline
16:52:29.086 [ApplicationImpl pooled thread 35] INFO  c.b.s.l.BrowserStackRunExtension - Plugin version: 2.0.0-IC
16:54:28.280 [AWT-EventQueue-0] INFO  c.b.s.l.BrowserStackRunExtension - gradle
16:54:28.281 [AWT-EventQueue-0] INFO  com.browserstack.sdk.utils.Helpers - null
16:54:29.120 [ApplicationImpl pooled thread 35] INFO  c.b.s.l.BrowserStackRunExtension - testng
16:54:29.120 [ApplicationImpl pooled thread 35] INFO  com.browserstack.sdk.utils.Helpers - null
16:54:29.120 [ApplicationImpl pooled thread 35] INFO  com.browserstack.sdk.utils.Helpers - /Users/sanjeevareddysj/.gradle/caches/modules-2/files-2.1/com.browserstack/browserstack-java-sdk/1.41.3/ebab3802fc8203289839df92328f76ed3c9cb6c4/browserstack-java-sdk-1.41.3.jar
16:54:29.120 [ApplicationImpl pooled thread 35] INFO  c.b.s.l.BrowserStackRunExtension - Agent path: /Users/sanjeevareddysj/.gradle/caches/modules-2/files-2.1/com.browserstack/browserstack-java-sdk/1.41.3/ebab3802fc8203289839df92328f76ed3c9cb6c4/browserstack-java-sdk-1.41.3.jar
16:54:29.120 [ApplicationImpl pooled thread 35] INFO  c.b.s.l.BrowserStackRunExtension - Adding Browserstack SDK javaagent argline
16:54:29.120 [ApplicationImpl pooled thread 35] INFO  c.b.s.l.BrowserStackRunExtension - Plugin version: 2.0.0-IC
16:56:26.778 [AWT-EventQueue-0] INFO  c.b.s.l.BrowserStackRunExtension - gradle
16:56:26.778 [AWT-EventQueue-0] INFO  com.browserstack.sdk.utils.Helpers - null
16:56:27.751 [ApplicationImpl pooled thread 46] INFO  c.b.s.l.BrowserStackRunExtension - testng
16:56:27.751 [ApplicationImpl pooled thread 46] INFO  com.browserstack.sdk.utils.Helpers - null
16:56:27.753 [ApplicationImpl pooled thread 46] INFO  com.browserstack.sdk.utils.Helpers - /Users/sanjeevareddysj/.gradle/caches/modules-2/files-2.1/com.browserstack/browserstack-java-sdk/1.41.3/ebab3802fc8203289839df92328f76ed3c9cb6c4/browserstack-java-sdk-1.41.3.jar
16:56:27.753 [ApplicationImpl pooled thread 46] INFO  c.b.s.l.BrowserStackRunExtension - Agent path: /Users/sanjeevareddysj/.gradle/caches/modules-2/files-2.1/com.browserstack/browserstack-java-sdk/1.41.3/ebab3802fc8203289839df92328f76ed3c9cb6c4/browserstack-java-sdk-1.41.3.jar
16:56:27.753 [ApplicationImpl pooled thread 46] INFO  c.b.s.l.BrowserStackRunExtension - Adding Browserstack SDK javaagent argline
16:56:27.753 [ApplicationImpl pooled thread 46] INFO  c.b.s.l.BrowserStackRunExtension - Plugin version: 2.0.0-IC
16:58:19.925 [AWT-EventQueue-0] INFO  c.b.s.l.BrowserStackRunExtension - gradle
16:58:19.926 [AWT-EventQueue-0] INFO  com.browserstack.sdk.utils.Helpers - null
16:58:20.720 [ApplicationImpl pooled thread 46] INFO  c.b.s.l.BrowserStackRunExtension - testng
16:58:20.720 [ApplicationImpl pooled thread 46] INFO  com.browserstack.sdk.utils.Helpers - null
16:58:20.722 [ApplicationImpl pooled thread 46] INFO  com.browserstack.sdk.utils.Helpers - /Users/sanjeevareddysj/.gradle/caches/modules-2/files-2.1/com.browserstack/browserstack-java-sdk/1.41.3/ebab3802fc8203289839df92328f76ed3c9cb6c4/browserstack-java-sdk-1.41.3.jar
16:58:20.722 [ApplicationImpl pooled thread 46] INFO  c.b.s.l.BrowserStackRunExtension - Agent path: /Users/sanjeevareddysj/.gradle/caches/modules-2/files-2.1/com.browserstack/browserstack-java-sdk/1.41.3/ebab3802fc8203289839df92328f76ed3c9cb6c4/browserstack-java-sdk-1.41.3.jar
16:58:20.722 [ApplicationImpl pooled thread 46] INFO  c.b.s.l.BrowserStackRunExtension - Adding Browserstack SDK javaagent argline
16:58:20.722 [ApplicationImpl pooled thread 46] INFO  c.b.s.l.BrowserStackRunExtension - Plugin version: 2.0.0-IC
17:00:07.800 [AWT-EventQueue-0] INFO  c.b.s.l.BrowserStackRunExtension - gradle
17:00:07.801 [AWT-EventQueue-0] INFO  com.browserstack.sdk.utils.Helpers - null
17:00:08.635 [ApplicationImpl pooled thread 48] INFO  c.b.s.l.BrowserStackRunExtension - testng
17:00:08.635 [ApplicationImpl pooled thread 48] INFO  com.browserstack.sdk.utils.Helpers - null
17:00:08.636 [ApplicationImpl pooled thread 48] INFO  com.browserstack.sdk.utils.Helpers - /Users/sanjeevareddysj/.gradle/caches/modules-2/files-2.1/com.browserstack/browserstack-java-sdk/1.41.3/ebab3802fc8203289839df92328f76ed3c9cb6c4/browserstack-java-sdk-1.41.3.jar
17:00:08.636 [ApplicationImpl pooled thread 48] INFO  c.b.s.l.BrowserStackRunExtension - Agent path: /Users/sanjeevareddysj/.gradle/caches/modules-2/files-2.1/com.browserstack/browserstack-java-sdk/1.41.3/ebab3802fc8203289839df92328f76ed3c9cb6c4/browserstack-java-sdk-1.41.3.jar
17:00:08.636 [ApplicationImpl pooled thread 48] INFO  c.b.s.l.BrowserStackRunExtension - Adding Browserstack SDK javaagent argline
17:00:08.636 [ApplicationImpl pooled thread 48] INFO  c.b.s.l.BrowserStackRunExtension - Plugin version: 2.0.0-IC
17:02:17.044 [AWT-EventQueue-0] INFO  c.b.s.l.BrowserStackRunExtension - gradle
17:02:17.044 [AWT-EventQueue-0] INFO  com.browserstack.sdk.utils.Helpers - null
17:02:18.883 [ApplicationImpl pooled thread 52] INFO  c.b.s.l.BrowserStackRunExtension - testng
17:02:18.883 [ApplicationImpl pooled thread 52] INFO  com.browserstack.sdk.utils.Helpers - null
17:02:18.884 [ApplicationImpl pooled thread 52] INFO  com.browserstack.sdk.utils.Helpers - /Users/sanjeevareddysj/.gradle/caches/modules-2/files-2.1/com.browserstack/browserstack-java-sdk/1.41.3/ebab3802fc8203289839df92328f76ed3c9cb6c4/browserstack-java-sdk-1.41.3.jar
17:02:18.884 [ApplicationImpl pooled thread 52] INFO  c.b.s.l.BrowserStackRunExtension - Agent path: /Users/sanjeevareddysj/.gradle/caches/modules-2/files-2.1/com.browserstack/browserstack-java-sdk/1.41.3/ebab3802fc8203289839df92328f76ed3c9cb6c4/browserstack-java-sdk-1.41.3.jar
17:02:18.884 [ApplicationImpl pooled thread 52] INFO  c.b.s.l.BrowserStackRunExtension - Adding Browserstack SDK javaagent argline
17:02:18.884 [ApplicationImpl pooled thread 52] INFO  c.b.s.l.BrowserStackRunExtension - Plugin version: 2.0.0-IC
17:06:17.153 [AWT-EventQueue-0] INFO  c.b.sdk.actions.DisableBrowserStack - Setting disable browserstack run update
17:06:17.162 [AWT-EventQueue-0] INFO  com.browserstack.sdk.utils.Helpers - /Users/sanjeevareddysj/.gradle/caches/modules-2/files-2.1/com.browserstack/browserstack-java-sdk/1.41.3/ebab3802fc8203289839df92328f76ed3c9cb6c4/browserstack-java-sdk-1.41.3.jar
17:06:17.162 [AWT-EventQueue-0] INFO  com.browserstack.sdk.utils.Helpers - null
17:06:17.166 [AWT-EventQueue-0] INFO  c.b.sdk.actions.EnableBrowserStack - Setting enable browserstack run update
17:06:17.167 [AWT-EventQueue-0] INFO  com.browserstack.sdk.utils.Helpers - /Users/sanjeevareddysj/.gradle/caches/modules-2/files-2.1/com.browserstack/browserstack-java-sdk/1.41.3/ebab3802fc8203289839df92328f76ed3c9cb6c4/browserstack-java-sdk-1.41.3.jar
17:06:17.167 [AWT-EventQueue-0] INFO  com.browserstack.sdk.utils.Helpers - null
17:06:17.550 [AWT-EventQueue-0] INFO  c.b.sdk.actions.DisableBrowserStack - Setting disable browserstack run update
17:06:17.552 [AWT-EventQueue-0] INFO  com.browserstack.sdk.utils.Helpers - /Users/sanjeevareddysj/.gradle/caches/modules-2/files-2.1/com.browserstack/browserstack-java-sdk/1.41.3/ebab3802fc8203289839df92328f76ed3c9cb6c4/browserstack-java-sdk-1.41.3.jar
17:06:17.552 [AWT-EventQueue-0] INFO  com.browserstack.sdk.utils.Helpers - null
17:06:17.554 [AWT-EventQueue-0] INFO  c.b.sdk.actions.EnableBrowserStack - Setting enable browserstack run update
17:06:17.555 [AWT-EventQueue-0] INFO  com.browserstack.sdk.utils.Helpers - /Users/sanjeevareddysj/.gradle/caches/modules-2/files-2.1/com.browserstack/browserstack-java-sdk/1.41.3/ebab3802fc8203289839df92328f76ed3c9cb6c4/browserstack-java-sdk-1.41.3.jar
17:06:17.555 [AWT-EventQueue-0] INFO  com.browserstack.sdk.utils.Helpers - null
17:09:37.966 [AWT-EventQueue-0] INFO  c.b.s.l.BrowserStackRunExtension - gradle
17:09:37.966 [AWT-EventQueue-0] INFO  com.browserstack.sdk.utils.Helpers - null
17:09:40.349 [ApplicationImpl pooled thread 53] INFO  c.b.s.l.BrowserStackRunExtension - testng
17:09:40.350 [ApplicationImpl pooled thread 53] INFO  com.browserstack.sdk.utils.Helpers - null
17:09:40.351 [ApplicationImpl pooled thread 53] INFO  com.browserstack.sdk.utils.Helpers - /Users/sanjeevareddysj/.gradle/caches/modules-2/files-2.1/com.browserstack/browserstack-java-sdk/1.41.3/ebab3802fc8203289839df92328f76ed3c9cb6c4/browserstack-java-sdk-1.41.3.jar
17:09:40.351 [ApplicationImpl pooled thread 53] INFO  c.b.s.l.BrowserStackRunExtension - Agent path: /Users/sanjeevareddysj/.gradle/caches/modules-2/files-2.1/com.browserstack/browserstack-java-sdk/1.41.3/ebab3802fc8203289839df92328f76ed3c9cb6c4/browserstack-java-sdk-1.41.3.jar
17:09:40.351 [ApplicationImpl pooled thread 53] INFO  c.b.s.l.BrowserStackRunExtension - Adding Browserstack SDK javaagent argline
17:09:40.351 [ApplicationImpl pooled thread 53] INFO  c.b.s.l.BrowserStackRunExtension - Plugin version: 2.0.0-IC
17:11:38.661 [AWT-EventQueue-0] INFO  c.b.s.l.BrowserStackRunExtension - gradle
17:11:38.661 [AWT-EventQueue-0] INFO  com.browserstack.sdk.utils.Helpers - null
17:11:39.925 [ApplicationImpl pooled thread 59] INFO  c.b.s.l.BrowserStackRunExtension - testng
17:11:39.925 [ApplicationImpl pooled thread 59] INFO  com.browserstack.sdk.utils.Helpers - null
17:11:39.926 [ApplicationImpl pooled thread 59] INFO  com.browserstack.sdk.utils.Helpers - /Users/sanjeevareddysj/.gradle/caches/modules-2/files-2.1/com.browserstack/browserstack-java-sdk/1.41.3/ebab3802fc8203289839df92328f76ed3c9cb6c4/browserstack-java-sdk-1.41.3.jar
17:11:39.926 [ApplicationImpl pooled thread 59] INFO  c.b.s.l.BrowserStackRunExtension - Agent path: /Users/sanjeevareddysj/.gradle/caches/modules-2/files-2.1/com.browserstack/browserstack-java-sdk/1.41.3/ebab3802fc8203289839df92328f76ed3c9cb6c4/browserstack-java-sdk-1.41.3.jar
17:11:39.926 [ApplicationImpl pooled thread 59] INFO  c.b.s.l.BrowserStackRunExtension - Adding Browserstack SDK javaagent argline
17:11:39.926 [ApplicationImpl pooled thread 59] INFO  c.b.s.l.BrowserStackRunExtension - Plugin version: 2.0.0-IC
17:15:14.598 [AWT-EventQueue-0] INFO  c.b.s.l.BrowserStackRunExtension - gradle
17:15:14.598 [AWT-EventQueue-0] INFO  com.browserstack.sdk.utils.Helpers - null
17:15:16.442 [ApplicationImpl pooled thread 64] INFO  c.b.s.l.BrowserStackRunExtension - testng
17:15:16.442 [ApplicationImpl pooled thread 64] INFO  com.browserstack.sdk.utils.Helpers - null
17:15:16.443 [ApplicationImpl pooled thread 64] INFO  com.browserstack.sdk.utils.Helpers - /Users/sanjeevareddysj/.gradle/caches/modules-2/files-2.1/com.browserstack/browserstack-java-sdk/1.41.3/ebab3802fc8203289839df92328f76ed3c9cb6c4/browserstack-java-sdk-1.41.3.jar
17:15:16.443 [ApplicationImpl pooled thread 64] INFO  c.b.s.l.BrowserStackRunExtension - Agent path: /Users/sanjeevareddysj/.gradle/caches/modules-2/files-2.1/com.browserstack/browserstack-java-sdk/1.41.3/ebab3802fc8203289839df92328f76ed3c9cb6c4/browserstack-java-sdk-1.41.3.jar
17:15:16.443 [ApplicationImpl pooled thread 64] INFO  c.b.s.l.BrowserStackRunExtension - Adding Browserstack SDK javaagent argline
17:15:16.443 [ApplicationImpl pooled thread 64] INFO  c.b.s.l.BrowserStackRunExtension - Plugin version: 2.0.0-IC
17:18:29.345 [AWT-EventQueue-0] INFO  c.b.sdk.actions.EnableBrowserStack - Setting enable browserstack run update
17:18:29.350 [AWT-EventQueue-0] INFO  com.browserstack.sdk.utils.Helpers - /Users/sanjeevareddysj/.gradle/caches/modules-2/files-2.1/com.browserstack/browserstack-java-sdk/1.41.3/ebab3802fc8203289839df92328f76ed3c9cb6c4/browserstack-java-sdk-1.41.3.jar
17:18:29.350 [AWT-EventQueue-0] INFO  com.browserstack.sdk.utils.Helpers - null
17:18:29.354 [AWT-EventQueue-0] INFO  c.b.sdk.actions.DisableBrowserStack - Setting disable browserstack run update
17:18:29.354 [AWT-EventQueue-0] INFO  com.browserstack.sdk.utils.Helpers - /Users/sanjeevareddysj/.gradle/caches/modules-2/files-2.1/com.browserstack/browserstack-java-sdk/1.41.3/ebab3802fc8203289839df92328f76ed3c9cb6c4/browserstack-java-sdk-1.41.3.jar
17:18:29.354 [AWT-EventQueue-0] INFO  com.browserstack.sdk.utils.Helpers - null
17:22:58.242 [AWT-EventQueue-0] INFO  c.b.s.l.BrowserStackRunExtension - gradle
17:22:58.242 [AWT-EventQueue-0] INFO  com.browserstack.sdk.utils.Helpers - null
17:23:00.734 [ApplicationImpl pooled thread 71] INFO  c.b.s.l.BrowserStackRunExtension - testng
17:23:00.734 [ApplicationImpl pooled thread 71] INFO  com.browserstack.sdk.utils.Helpers - null
17:23:00.734 [ApplicationImpl pooled thread 71] INFO  com.browserstack.sdk.utils.Helpers - /Users/sanjeevareddysj/.gradle/caches/modules-2/files-2.1/com.browserstack/browserstack-java-sdk/1.41.3/ebab3802fc8203289839df92328f76ed3c9cb6c4/browserstack-java-sdk-1.41.3.jar
17:23:00.734 [ApplicationImpl pooled thread 71] INFO  c.b.s.l.BrowserStackRunExtension - Agent path: /Users/sanjeevareddysj/.gradle/caches/modules-2/files-2.1/com.browserstack/browserstack-java-sdk/1.41.3/ebab3802fc8203289839df92328f76ed3c9cb6c4/browserstack-java-sdk-1.41.3.jar
17:23:00.734 [ApplicationImpl pooled thread 71] INFO  c.b.s.l.BrowserStackRunExtension - Adding Browserstack SDK javaagent argline
17:23:00.734 [ApplicationImpl pooled thread 71] INFO  c.b.s.l.BrowserStackRunExtension - Plugin version: 2.0.0-IC
11:42:09.044 [AWT-EventQueue-0] INFO  c.b.s.l.BrowserStackRunExtension - gradle
11:42:09.045 [AWT-EventQueue-0] INFO  com.browserstack.sdk.utils.Helpers - null
11:42:40.387 [AWT-EventQueue-0] INFO  c.b.s.l.BrowserStackRunExtension - gradle
11:42:40.388 [AWT-EventQueue-0] INFO  com.browserstack.sdk.utils.Helpers - null
11:42:51.383 [AWT-EventQueue-0] INFO  c.b.s.l.BrowserStackRunExtension - gradle
11:42:51.383 [AWT-EventQueue-0] INFO  com.browserstack.sdk.utils.Helpers - null
11:43:02.117 [AWT-EventQueue-0] INFO  c.b.s.l.BrowserStackRunExtension - gradle
11:43:02.118 [AWT-EventQueue-0] INFO  com.browserstack.sdk.utils.Helpers - null
11:43:20.614 [AWT-EventQueue-0] INFO  c.b.s.l.BrowserStackRunExtension - gradle
11:43:20.614 [AWT-EventQueue-0] INFO  com.browserstack.sdk.utils.Helpers - null
11:44:14.808 [AWT-EventQueue-0] INFO  c.b.s.l.BrowserStackRunExtension - gradle
11:44:14.808 [AWT-EventQueue-0] INFO  com.browserstack.sdk.utils.Helpers - null
11:44:23.011 [AWT-EventQueue-0] INFO  c.b.s.l.BrowserStackRunExtension - gradle
11:44:23.011 [AWT-EventQueue-0] INFO  com.browserstack.sdk.utils.Helpers - null
11:45:13.224 [AWT-EventQueue-0] INFO  c.b.s.l.BrowserStackRunExtension - gradle
11:45:13.225 [AWT-EventQueue-0] INFO  com.browserstack.sdk.utils.Helpers - null
11:46:08.960 [AWT-EventQueue-0] INFO  c.b.s.l.BrowserStackRunExtension - gradle
11:46:08.963 [AWT-EventQueue-0] INFO  com.browserstack.sdk.utils.Helpers - null
11:46:48.479 [AWT-EventQueue-0] INFO  c.b.s.l.BrowserStackRunExtension - gradle
11:46:48.479 [AWT-EventQueue-0] INFO  com.browserstack.sdk.utils.Helpers - null
11:46:51.288 [ApplicationImpl pooled thread 150] INFO  c.b.s.l.BrowserStackRunExtension - testng
11:46:51.288 [ApplicationImpl pooled thread 150] INFO  com.browserstack.sdk.utils.Helpers - null
11:46:51.291 [ApplicationImpl pooled thread 150] INFO  com.browserstack.sdk.utils.Helpers - /Users/sanjeevareddysj/.gradle/caches/modules-2/files-2.1/com.browserstack/browserstack-java-sdk/1.41.3/ebab3802fc8203289839df92328f76ed3c9cb6c4/browserstack-java-sdk-1.41.3.jar
11:46:51.291 [ApplicationImpl pooled thread 150] INFO  c.b.s.l.BrowserStackRunExtension - Agent path: /Users/sanjeevareddysj/.gradle/caches/modules-2/files-2.1/com.browserstack/browserstack-java-sdk/1.41.3/ebab3802fc8203289839df92328f76ed3c9cb6c4/browserstack-java-sdk-1.41.3.jar
11:46:51.292 [ApplicationImpl pooled thread 150] INFO  c.b.s.l.BrowserStackRunExtension - Adding Browserstack SDK javaagent argline
11:46:51.292 [ApplicationImpl pooled thread 150] INFO  c.b.s.l.BrowserStackRunExtension - Plugin version: 2.0.0-IC
11:48:44.298 [AWT-EventQueue-0] INFO  c.b.s.l.BrowserStackRunExtension - gradle
11:48:44.301 [AWT-EventQueue-0] INFO  com.browserstack.sdk.utils.Helpers - null
11:48:45.122 [ApplicationImpl pooled thread 160] INFO  c.b.s.l.BrowserStackRunExtension - testng
11:48:45.122 [ApplicationImpl pooled thread 160] INFO  com.browserstack.sdk.utils.Helpers - null
11:48:45.124 [ApplicationImpl pooled thread 160] INFO  c.b.s.l.BrowserStackRunExtension - Agent path: null
11:49:42.269 [AWT-EventQueue-0] INFO  c.b.s.l.BrowserStackRunExtension - gradle
11:49:42.269 [AWT-EventQueue-0] INFO  com.browserstack.sdk.utils.Helpers - null
11:49:45.159 [ApplicationImpl pooled thread 156] INFO  c.b.s.l.BrowserStackRunExtension - testng
11:49:45.159 [ApplicationImpl pooled thread 156] INFO  com.browserstack.sdk.utils.Helpers - null
11:49:45.160 [ApplicationImpl pooled thread 156] INFO  c.b.s.l.BrowserStackRunExtension - Agent path: null
11:50:15.180 [AWT-EventQueue-0] INFO  c.b.s.l.BrowserStackRunExtension - gradle
11:50:15.180 [AWT-EventQueue-0] INFO  com.browserstack.sdk.utils.Helpers - null
11:50:17.045 [ApplicationImpl pooled thread 153] INFO  c.b.s.l.BrowserStackRunExtension - testng
11:50:17.045 [ApplicationImpl pooled thread 153] INFO  com.browserstack.sdk.utils.Helpers - null
11:50:17.048 [ApplicationImpl pooled thread 153] INFO  c.b.s.l.BrowserStackRunExtension - Agent path: null
11:53:23.784 [AWT-EventQueue-0] INFO  c.b.s.l.BrowserStackRunExtension - gradle
11:53:23.784 [AWT-EventQueue-0] INFO  com.browserstack.sdk.utils.Helpers - null
11:53:26.215 [ApplicationImpl pooled thread 157] INFO  c.b.s.l.BrowserStackRunExtension - testng
11:53:26.215 [ApplicationImpl pooled thread 157] INFO  com.browserstack.sdk.utils.Helpers - null
11:53:26.216 [ApplicationImpl pooled thread 157] INFO  c.b.s.l.BrowserStackRunExtension - Agent path: null
11:57:57.434 [AWT-EventQueue-0] INFO  c.b.s.l.BrowserStackRunExtension - gradle
11:57:57.435 [AWT-EventQueue-0] INFO  com.browserstack.sdk.utils.Helpers - null
11:58:01.530 [ApplicationImpl pooled thread 153] INFO  c.b.s.l.BrowserStackRunExtension - testng
11:58:01.530 [ApplicationImpl pooled thread 153] INFO  com.browserstack.sdk.utils.Helpers - null
11:58:01.532 [ApplicationImpl pooled thread 153] INFO  c.b.s.l.BrowserStackRunExtension - Agent path: null
11:58:47.813 [AWT-EventQueue-0] INFO  c.b.s.l.BrowserStackRunExtension - gradle
11:58:47.814 [AWT-EventQueue-0] INFO  com.browserstack.sdk.utils.Helpers - null
11:58:49.691 [ApplicationImpl pooled thread 162] INFO  c.b.s.l.BrowserStackRunExtension - testng
11:58:49.696 [ApplicationImpl pooled thread 162] INFO  com.browserstack.sdk.utils.Helpers - null
11:58:49.697 [ApplicationImpl pooled thread 162] INFO  c.b.s.l.BrowserStackRunExtension - Agent path: null
12:01:26.909 [AWT-EventQueue-0] INFO  c.b.s.l.BrowserStackRunExtension - gradle
12:01:26.910 [AWT-EventQueue-0] INFO  com.browserstack.sdk.utils.Helpers - null
12:01:31.183 [ApplicationImpl pooled thread 176] INFO  c.b.s.l.BrowserStackRunExtension - testng
12:01:31.183 [ApplicationImpl pooled thread 176] INFO  com.browserstack.sdk.utils.Helpers - null
12:01:31.183 [ApplicationImpl pooled thread 176] INFO  c.b.s.l.BrowserStackRunExtension - Agent path: null
12:02:31.390 [AWT-EventQueue-0] INFO  c.b.s.l.BrowserStackRunExtension - gradle
12:02:31.390 [AWT-EventQueue-0] INFO  com.browserstack.sdk.utils.Helpers - null
12:02:34.329 [ApplicationImpl pooled thread 177] INFO  c.b.s.l.BrowserStackRunExtension - testng
12:02:34.330 [ApplicationImpl pooled thread 177] INFO  com.browserstack.sdk.utils.Helpers - null
12:02:34.330 [ApplicationImpl pooled thread 177] INFO  c.b.s.l.BrowserStackRunExtension - Agent path: null
12:08:08.057 [AWT-EventQueue-0] INFO  c.b.s.l.BrowserStackRunExtension - gradle
12:08:08.058 [AWT-EventQueue-0] INFO  com.browserstack.sdk.utils.Helpers - null
12:08:11.825 [ApplicationImpl pooled thread 187] INFO  c.b.s.l.BrowserStackRunExtension - testng
12:08:11.825 [ApplicationImpl pooled thread 187] INFO  com.browserstack.sdk.utils.Helpers - null
12:08:11.825 [ApplicationImpl pooled thread 187] INFO  c.b.s.l.BrowserStackRunExtension - Agent path: null
12:45:31.158 [AWT-EventQueue-0] INFO  c.b.s.l.BrowserStackRunExtension - gradle
12:45:31.159 [AWT-EventQueue-0] INFO  com.browserstack.sdk.utils.Helpers - null
12:45:35.835 [ApplicationImpl pooled thread 223] INFO  c.b.s.l.BrowserStackRunExtension - testng
12:45:35.835 [ApplicationImpl pooled thread 223] INFO  com.browserstack.sdk.utils.Helpers - null
12:45:35.836 [ApplicationImpl pooled thread 223] INFO  c.b.s.l.BrowserStackRunExtension - Agent path: null
12:45:53.076 [AWT-EventQueue-0] INFO  c.b.s.l.BrowserStackRunExtension - gradle
12:45:53.077 [AWT-EventQueue-0] INFO  com.browserstack.sdk.utils.Helpers - null
12:45:54.410 [ApplicationImpl pooled thread 223] INFO  c.b.s.l.BrowserStackRunExtension - testng
12:45:54.410 [ApplicationImpl pooled thread 223] INFO  com.browserstack.sdk.utils.Helpers - null
12:45:54.412 [ApplicationImpl pooled thread 223] INFO  c.b.s.l.BrowserStackRunExtension - Agent path: null
12:46:28.700 [AWT-EventQueue-0] INFO  c.b.s.l.BrowserStackRunExtension - gradle
12:46:28.700 [AWT-EventQueue-0] INFO  com.browserstack.sdk.utils.Helpers - null
12:46:29.644 [ApplicationImpl pooled thread 218] INFO  c.b.s.l.BrowserStackRunExtension - testng
12:46:29.644 [ApplicationImpl pooled thread 218] INFO  com.browserstack.sdk.utils.Helpers - null
12:46:29.646 [ApplicationImpl pooled thread 218] INFO  c.b.s.l.BrowserStackRunExtension - Agent path: null
15:11:09.600 [AWT-EventQueue-0] INFO  c.b.sdk.actions.DisableBrowserStack - Setting disable browserstack run update
15:11:09.642 [AWT-EventQueue-0] INFO  c.b.sdk.actions.EnableBrowserStack - Setting enable browserstack run update
15:52:15.277 [AWT-EventQueue-0] INFO  c.b.s.l.BrowserStackRunExtension - gradle
15:52:15.278 [AWT-EventQueue-0] INFO  com.browserstack.sdk.utils.Helpers - null
15:52:21.104 [ApplicationImpl pooled thread 327] INFO  c.b.s.l.BrowserStackRunExtension - testng
15:52:21.104 [ApplicationImpl pooled thread 327] INFO  com.browserstack.sdk.utils.Helpers - null
15:52:21.105 [ApplicationImpl pooled thread 327] INFO  c.b.s.l.BrowserStackRunExtension - Agent path: null
15:54:06.870 [AWT-EventQueue-0] INFO  c.b.s.l.BrowserStackRunExtension - gradle
15:54:06.871 [AWT-EventQueue-0] INFO  com.browserstack.sdk.utils.Helpers - null
15:54:41.065 [AWT-EventQueue-0] INFO  c.b.s.l.BrowserStackRunExtension - gradle
15:54:41.065 [AWT-EventQueue-0] INFO  com.browserstack.sdk.utils.Helpers - null
15:54:58.438 [AWT-EventQueue-0] INFO  c.b.s.l.BrowserStackRunExtension - gradle
15:54:58.439 [AWT-EventQueue-0] INFO  com.browserstack.sdk.utils.Helpers - null
15:54:59.480 [ApplicationImpl pooled thread 329] INFO  c.b.s.l.BrowserStackRunExtension - testng
15:54:59.481 [ApplicationImpl pooled thread 329] INFO  com.browserstack.sdk.utils.Helpers - null
15:54:59.482 [ApplicationImpl pooled thread 329] INFO  c.b.s.l.BrowserStackRunExtension - Agent path: null
15:56:18.406 [AWT-EventQueue-0] INFO  c.b.s.l.BrowserStackRunExtension - gradle
15:56:18.407 [AWT-EventQueue-0] INFO  com.browserstack.sdk.utils.Helpers - null
15:56:22.960 [ApplicationImpl pooled thread 342] INFO  c.b.s.l.BrowserStackRunExtension - testng
15:56:22.960 [ApplicationImpl pooled thread 342] INFO  com.browserstack.sdk.utils.Helpers - null
15:56:22.961 [ApplicationImpl pooled thread 342] INFO  c.b.s.l.BrowserStackRunExtension - Agent path: null
15:56:31.599 [AWT-EventQueue-0] INFO  c.b.s.l.BrowserStackRunExtension - gradle
15:56:31.600 [AWT-EventQueue-0] INFO  com.browserstack.sdk.utils.Helpers - null
15:56:34.695 [ApplicationImpl pooled thread 342] INFO  c.b.s.l.BrowserStackRunExtension - testng
15:56:34.695 [ApplicationImpl pooled thread 342] INFO  com.browserstack.sdk.utils.Helpers - null
15:56:34.697 [ApplicationImpl pooled thread 342] INFO  c.b.s.l.BrowserStackRunExtension - Agent path: null
15:57:22.418 [AWT-EventQueue-0] INFO  c.b.s.l.BrowserStackRunExtension - gradle
15:57:22.418 [AWT-EventQueue-0] INFO  com.browserstack.sdk.utils.Helpers - null
15:57:23.603 [ApplicationImpl pooled thread 339] INFO  c.b.s.l.BrowserStackRunExtension - testng
15:57:23.604 [ApplicationImpl pooled thread 339] INFO  com.browserstack.sdk.utils.Helpers - null
15:57:23.604 [ApplicationImpl pooled thread 339] INFO  c.b.s.l.BrowserStackRunExtension - Agent path: null
15:58:48.132 [AWT-EventQueue-0] INFO  c.b.s.l.BrowserStackRunExtension - gradle
15:58:48.133 [AWT-EventQueue-0] INFO  com.browserstack.sdk.utils.Helpers - null
15:58:49.651 [ApplicationImpl pooled thread 327] INFO  c.b.s.l.BrowserStackRunExtension - testng
15:58:49.651 [ApplicationImpl pooled thread 327] INFO  com.browserstack.sdk.utils.Helpers - null
15:58:49.654 [ApplicationImpl pooled thread 327] INFO  c.b.s.l.BrowserStackRunExtension - Agent path: null
16:01:49.802 [AWT-EventQueue-0] INFO  c.b.s.l.BrowserStackRunExtension - gradle
16:01:49.810 [AWT-EventQueue-0] INFO  com.browserstack.sdk.utils.Helpers - null
16:01:55.474 [ApplicationImpl pooled thread 327] INFO  c.b.s.l.BrowserStackRunExtension - testng
16:01:55.476 [ApplicationImpl pooled thread 327] INFO  com.browserstack.sdk.utils.Helpers - null
16:01:55.487 [ApplicationImpl pooled thread 327] INFO  c.b.s.l.BrowserStackRunExtension - Agent path: null
16:03:42.090 [AWT-EventQueue-0] INFO  c.b.s.l.BrowserStackRunExtension - gradle
16:03:42.100 [AWT-EventQueue-0] INFO  com.browserstack.sdk.utils.Helpers - null
16:03:45.355 [ApplicationImpl pooled thread 353] INFO  c.b.s.l.BrowserStackRunExtension - testng
16:03:45.355 [ApplicationImpl pooled thread 353] INFO  com.browserstack.sdk.utils.Helpers - null
16:03:45.359 [ApplicationImpl pooled thread 353] INFO  c.b.s.l.BrowserStackRunExtension - Agent path: null
16:10:02.547 [AWT-EventQueue-0] INFO  c.b.s.l.BrowserStackRunExtension - gradle
16:10:02.548 [AWT-EventQueue-0] INFO  com.browserstack.sdk.utils.Helpers - null
16:10:06.533 [ApplicationImpl pooled thread 351] INFO  c.b.s.l.BrowserStackRunExtension - testng
16:10:06.533 [ApplicationImpl pooled thread 351] INFO  com.browserstack.sdk.utils.Helpers - null
16:10:06.535 [ApplicationImpl pooled thread 351] INFO  c.b.s.l.BrowserStackRunExtension - Agent path: null
21:47:53.391 [AWT-EventQueue-0] INFO  c.b.s.l.BrowserStackRunExtension - gradle
21:47:53.392 [AWT-EventQueue-0] INFO  com.browserstack.sdk.utils.Helpers - null
21:47:59.104 [ApplicationImpl pooled thread 397] INFO  c.b.s.l.BrowserStackRunExtension - testng
21:47:59.105 [ApplicationImpl pooled thread 397] INFO  com.browserstack.sdk.utils.Helpers - null
21:47:59.106 [ApplicationImpl pooled thread 397] INFO  c.b.s.l.BrowserStackRunExtension - Agent path: null
21:49:30.034 [AWT-EventQueue-0] INFO  c.b.s.l.BrowserStackRunExtension - gradle
21:49:30.036 [AWT-EventQueue-0] INFO  com.browserstack.sdk.utils.Helpers - null
21:49:33.604 [ApplicationImpl pooled thread 408] INFO  c.b.s.l.BrowserStackRunExtension - testng
21:49:33.604 [ApplicationImpl pooled thread 408] INFO  com.browserstack.sdk.utils.Helpers - null
21:49:33.605 [ApplicationImpl pooled thread 408] INFO  c.b.s.l.BrowserStackRunExtension - Agent path: null
21:51:00.205 [AWT-EventQueue-0] INFO  c.b.s.l.BrowserStackRunExtension - gradle
21:51:00.206 [AWT-EventQueue-0] INFO  com.browserstack.sdk.utils.Helpers - null
21:51:03.097 [ApplicationImpl pooled thread 413] INFO  c.b.s.l.BrowserStackRunExtension - testng
21:51:03.097 [ApplicationImpl pooled thread 413] INFO  com.browserstack.sdk.utils.Helpers - null
21:51:03.098 [ApplicationImpl pooled thread 413] INFO  c.b.s.l.BrowserStackRunExtension - Agent path: null
22:01:28.278 [AWT-EventQueue-0] INFO  c.b.s.l.BrowserStackRunExtension - gradle
22:01:28.281 [AWT-EventQueue-0] INFO  com.browserstack.sdk.utils.Helpers - null
15:18:54.047 [AWT-EventQueue-0] INFO  c.b.s.l.BrowserStackRunExtension - gradle
15:18:54.048 [AWT-EventQueue-0] INFO  com.browserstack.sdk.utils.Helpers - null
15:23:25.718 [AWT-EventQueue-0] INFO  c.b.s.l.BrowserStackRunExtension - gradle
15:23:25.719 [AWT-EventQueue-0] INFO  com.browserstack.sdk.utils.Helpers - null
15:23:28.422 [ApplicationImpl pooled thread 480] INFO  c.b.s.l.BrowserStackRunExtension - testng
15:23:28.422 [ApplicationImpl pooled thread 480] INFO  com.browserstack.sdk.utils.Helpers - null
15:23:28.423 [ApplicationImpl pooled thread 480] INFO  c.b.s.l.BrowserStackRunExtension - Agent path: null
15:27:32.131 [AWT-EventQueue-0] INFO  c.b.s.l.BrowserStackRunExtension - gradle
15:27:32.132 [AWT-EventQueue-0] INFO  com.browserstack.sdk.utils.Helpers - null
15:27:35.386 [ApplicationImpl pooled thread 482] INFO  c.b.s.l.BrowserStackRunExtension - testng
15:27:35.386 [ApplicationImpl pooled thread 482] INFO  com.browserstack.sdk.utils.Helpers - null
15:27:35.387 [ApplicationImpl pooled thread 482] INFO  c.b.s.l.BrowserStackRunExtension - Agent path: null
15:27:47.850 [AWT-EventQueue-0] INFO  c.b.s.l.BrowserStackRunExtension - gradle
15:27:47.850 [AWT-EventQueue-0] INFO  com.browserstack.sdk.utils.Helpers - null
15:27:48.526 [ApplicationImpl pooled thread 478] INFO  c.b.s.l.BrowserStackRunExtension - testng
15:27:48.526 [ApplicationImpl pooled thread 478] INFO  com.browserstack.sdk.utils.Helpers - null
15:27:48.526 [ApplicationImpl pooled thread 478] INFO  c.b.s.l.BrowserStackRunExtension - Agent path: null
15:29:42.100 [AWT-EventQueue-0] INFO  c.b.s.l.BrowserStackRunExtension - gradle
15:29:42.102 [AWT-EventQueue-0] INFO  com.browserstack.sdk.utils.Helpers - null
15:29:46.082 [ApplicationImpl pooled thread 485] INFO  c.b.s.l.BrowserStackRunExtension - testng
15:29:46.082 [ApplicationImpl pooled thread 485] INFO  com.browserstack.sdk.utils.Helpers - null
15:29:46.083 [ApplicationImpl pooled thread 485] INFO  c.b.s.l.BrowserStackRunExtension - Agent path: null
15:32:17.843 [AWT-EventQueue-0] INFO  c.b.s.l.BrowserStackRunExtension - gradle
15:32:17.847 [AWT-EventQueue-0] INFO  com.browserstack.sdk.utils.Helpers - null
15:32:20.701 [ApplicationImpl pooled thread 478] INFO  c.b.s.l.BrowserStackRunExtension - testng
15:32:20.701 [ApplicationImpl pooled thread 478] INFO  com.browserstack.sdk.utils.Helpers - null
15:32:20.707 [ApplicationImpl pooled thread 478] INFO  c.b.s.l.BrowserStackRunExtension - Agent path: null
15:34:16.257 [AWT-EventQueue-0] INFO  c.b.s.l.BrowserStackRunExtension - gradle
15:34:16.263 [AWT-EventQueue-0] INFO  com.browserstack.sdk.utils.Helpers - null
15:34:19.885 [ApplicationImpl pooled thread 490] INFO  c.b.s.l.BrowserStackRunExtension - testng
15:34:19.885 [ApplicationImpl pooled thread 490] INFO  com.browserstack.sdk.utils.Helpers - null
15:34:19.886 [ApplicationImpl pooled thread 490] INFO  c.b.s.l.BrowserStackRunExtension - Agent path: null
